******************************************************************************
                  TI ARM Linker PC v20.2.7                     
******************************************************************************
>> Linked Tue Mar 14 16:03:25 2023

OUTPUT FILE NAME:   <blinky.out>
ENTRY POINT SYMBOL: "_c_int00_noargs"  address: 00000695


MEMORY CONFIGURATION

         name            origin    length      used     unused   attr    fill
----------------------  --------  ---------  --------  --------  ----  --------
  FLASH                 00000000   00100000  00000752  000ff8ae  R  X
  SRAM                  20000000   00040000  00000220  0003fde0  RW X


SEGMENT ALLOCATION MAP

run origin  load origin   length   init length attrs members
----------  ----------- ---------- ----------- ----- -------
00000000    00000000    00000758   00000758    r-x
  00000000    00000000    00000200   00000200    r-- .intvecs
  00000200    00000200    00000506   00000506    r-x .text
  00000708    00000708    0000001c   0000001c    r-- .const
  00000728    00000728    00000030   00000030    r-- .cinit
20000000    20000000    00000220   00000000    rw-
  20000000    20000000    00000200   00000000    rw- .stack
  20000200    20000200    0000001c   00000000    rw- .bss
  2000021c    2000021c    00000004   00000000    rw- .data


SECTION ALLOCATION MAP

 output                                  attributes/
section   page    origin      length       input sections
--------  ----  ----------  ----------   ----------------
.intvecs   0    00000000    00000200     
                  00000000    00000200     startup_ccs.obj (.intvecs)

.text      0    00000200    00000506     
                  00000200    00000180     touch.obj (.text:TouchScreenDebouncer)
                  00000380    00000130     touch.obj (.text:TouchScreenIntHandler)
                  000004b0    0000009c     blinky.obj (.text:main)
                  0000054c    0000009c     rtsv7M4_T_le_v4SPD16_eabi.lib : memcpy_t2.asm.obj (.text)
                  000005e8    00000068                                   : copy_decompress_lzss.c.obj (.text:decompress:lzss:__TI_decompress_lzss)
                  00000650    00000044                                   : autoinit.c.obj (.text:__TI_auto_init_nobinit_nopinit:__TI_auto_init_nobinit_nopinit)
                  00000694    00000034                                   : boot_cortex_m.c.obj (.text:_c_int00_noargs:_c_int00_noargs)
                  000006c8    0000001c                                   : copy_zero_init.c.obj (.text:decompress:ZI:__TI_zero_init_nomemset:__TI_zero_init_nomemset)
                  000006e4    0000000e                                   : copy_decompress_none.c.obj (.text:decompress:none:__TI_decompress_none)
                  000006f2    00000006     startup_ccs.obj (.text:ResetISR)
                  000006f8    00000004     rtsv7M4_T_le_v4SPD16_eabi.lib : pre_init.c.obj (.text:_system_pre_init)
                  000006fc    00000004                                   : exit.c.obj (.text:abort:abort)
                  00000700    00000002     startup_ccs.obj (.text:FaultISR)
                  00000702    00000002     startup_ccs.obj (.text:IntDefaultHandler)
                  00000704    00000002     startup_ccs.obj (.text:NmiSR)

.const     0    00000708    0000001c     
                  00000708    0000001c     touch.obj (.const:g_pi32TouchParameters)

.cinit     0    00000728    00000030     
                  00000728    0000000c     (__TI_handler_table)
                  00000734    00000004     --HOLE-- [fill = 0]
                  00000738    00000008     (.cinit..bss.load) [load image, compression = zero_init]
                  00000740    00000008     (.cinit..data.load) [load image, compression = lzss]
                  00000748    00000010     (__TI_cinit_table)

.init_array 
*          0    00000000    00000000     UNINITIALIZED

.bss       0    20000200    0000001c     UNINITIALIZED
                  20000200    00000010     touch.obj (.bss:g_pi16Samples)
                  20000210    00000008     touch.obj (.bss)
                  20000218    00000002     (.common:g_i16TouchX)
                  2000021a    00000002     (.common:g_i16TouchY)

.data      0    2000021c    00000004     UNINITIALIZED
                  2000021c    00000004     touch.obj (.data)

.stack     0    20000000    00000200     UNINITIALIZED
                  20000000    00000004     rtsv7M4_T_le_v4SPD16_eabi.lib : boot_cortex_m.c.obj (.stack)
                  20000004    000001fc     --HOLE--

__llvm_prf_cnts 
*          0    20000000    00000000     UNINITIALIZED

.binit     0    00000000    00000000     

MODULE SUMMARY

       Module                       code   ro data   rw data
       ------                       ----   -------   -------
    .\
       startup_ccs.obj              12     512       0      
       blinky.obj                   156    0         0      
    +--+----------------------------+------+---------+---------+
       Total:                       168    512       0      
                                                            
    .\drivers\
       touch.obj                    688    28        32     
    +--+----------------------------+------+---------+---------+
       Total:                       688    28        32     
                                                            
    C:\ti\ccs1220\ccs\tools\compiler\ti-cgt-arm_20.2.7.LTS\lib\rtsv7M4_T_le_v4SPD16_eabi.lib
       memcpy_t2.asm.obj            156    0         0      
       copy_decompress_lzss.c.obj   104    0         0      
       autoinit.c.obj               68     0         0      
       boot_cortex_m.c.obj          52     0         0      
       copy_zero_init.c.obj         28     0         0      
       copy_decompress_none.c.obj   14     0         0      
       exit.c.obj                   4      0         0      
       pre_init.c.obj               4      0         0      
    +--+----------------------------+------+---------+---------+
       Total:                       430    0         0      
                                                            
       Stack:                       0      0         512    
       Linker Generated:            0      44        0      
    +--+----------------------------+------+---------+---------+
       Grand Total:                 1286   584       544    


LINKER GENERATED COPY TABLES

__TI_cinit_table @ 00000748 records: 2, size/record: 8, table size: 16
	.bss: load addr=00000738, load size=00000008 bytes, run addr=20000200, run size=0000001c bytes, compression=zero_init
	.data: load addr=00000740, load size=00000008 bytes, run addr=2000021c, run size=00000004 bytes, compression=lzss


LINKER GENERATED HANDLER TABLE

__TI_handler_table @ 00000728 records: 3, size/record: 4, table size: 12
	index: 0, handler: __TI_decompress_lzss
	index: 1, handler: __TI_decompress_none
	index: 2, handler: __TI_zero_init


GLOBAL SYMBOLS: SORTED ALPHABETICALLY BY Name 

address   name                          
-------   ----                          
000006fd  C$$EXIT                       
000006f3  ResetISR                      
00000381  TouchScreenIntHandler         
20000200  __STACK_END                   
00000200  __STACK_SIZE                  
20000200  __STACK_TOP                   
00000748  __TI_CINIT_Base               
00000758  __TI_CINIT_Limit              
00000728  __TI_Handler_Table_Base       
00000734  __TI_Handler_Table_Limit      
00000651  __TI_auto_init_nobinit_nopinit
000005e9  __TI_decompress_lzss          
000006e5  __TI_decompress_none          
ffffffff  __TI_pprof_out_hndl           
ffffffff  __TI_prof_data_size           
ffffffff  __TI_prof_data_start          
00000000  __TI_static_base__            
000006c9  __TI_zero_init_nomemset       
0000054d  __aeabi_memcpy                
0000054d  __aeabi_memcpy4               
0000054d  __aeabi_memcpy8               
ffffffff  __binit__                     
ffffffff  __c_args__                    
UNDEFED   __mpu_init                    
20000000  __stack                       
20000000  __start___llvm_prf_cnts       
20000000  __stop___llvm_prf_cnts        
00000695  _c_int00_noargs               
UNDEFED   _system_post_cinit            
000006f9  _system_pre_init              
000006fd  abort                         
ffffffff  binit                         
2000021c  g_i16TouchMin                 
20000218  g_i16TouchX                   
2000021a  g_i16TouchY                   
00000000  g_pfnVectors                  
00000708  g_pi32TouchParameters         
000004b1  main                          
0000054d  memcpy                        


GLOBAL SYMBOLS: SORTED BY Symbol Address 

address   name                          
-------   ----                          
00000000  __TI_static_base__            
00000000  g_pfnVectors                  
00000200  __STACK_SIZE                  
00000381  TouchScreenIntHandler         
000004b1  main                          
0000054d  __aeabi_memcpy                
0000054d  __aeabi_memcpy4               
0000054d  __aeabi_memcpy8               
0000054d  memcpy                        
000005e9  __TI_decompress_lzss          
00000651  __TI_auto_init_nobinit_nopinit
00000695  _c_int00_noargs               
000006c9  __TI_zero_init_nomemset       
000006e5  __TI_decompress_none          
000006f3  ResetISR                      
000006f9  _system_pre_init              
000006fd  C$$EXIT                       
000006fd  abort                         
00000708  g_pi32TouchParameters         
00000728  __TI_Handler_Table_Base       
00000734  __TI_Handler_Table_Limit      
00000748  __TI_CINIT_Base               
00000758  __TI_CINIT_Limit              
20000000  __stack                       
20000000  __start___llvm_prf_cnts       
20000000  __stop___llvm_prf_cnts        
20000200  __STACK_END                   
20000200  __STACK_TOP                   
20000218  g_i16TouchX                   
2000021a  g_i16TouchY                   
2000021c  g_i16TouchMin                 
ffffffff  __TI_pprof_out_hndl           
ffffffff  __TI_prof_data_size           
ffffffff  __TI_prof_data_start          
ffffffff  __binit__                     
ffffffff  __c_args__                    
ffffffff  binit                         
UNDEFED   __mpu_init                    
UNDEFED   _system_post_cinit            

[39 symbols]
