******************************************************************************
                  TI ARM Linker PC v20.2.7                     
******************************************************************************
>> Linked Wed Mar 15 16:43:26 2023

OUTPUT FILE NAME:   <timers.out>
ENTRY POINT SYMBOL: "_c_int00_noargs"  address: 000027c9


MEMORY CONFIGURATION

         name            origin    length      used     unused   attr    fill
----------------------  --------  ---------  --------  --------  ----  --------
  FLASH                 00000000   00100000  000038aa  000fc756  R  X
  SRAM                  20000000   00040000  000002c6  0003fd3a  RW X


SEGMENT ALLOCATION MAP

run origin  load origin   length   init length attrs members
----------  ----------- ---------- ----------- ----- -------
00000000    00000000    000038b0   000038b0    r-x
  00000000    00000000    00000200   00000200    r-- .intvecs
  00000200    00000200    000028de   000028de    r-x .text
  00002ae0    00002ae0    00000d8c   00000d8c    r-- .const
  00003870    00003870    00000040   00000040    r-- .cinit
20000000    20000000    000002ca   00000000    rw-
  20000000    20000000    00000184   00000000    rw- .bss
  20000188    20000188    00000100   00000000    rw- .stack
  20000288    20000288    00000042   00000000    rw- .data


SECTION ALLOCATION MAP

 output                                  attributes/
section   page    origin      length       input sections
--------  ----  ----------  ----------   ----------------
.intvecs   0    00000000    00000200     
                  00000000    00000200     startup_ccs.obj (.intvecs)

.text      0    00000200    000028de     
                  00000200    0000053a     Kentec320x240x16_ssd2119_spi.obj (.text:Kentec320x240x16_SSD2119Init)
                  0000073a    00000002     startup_ccs.obj (.text:FaultISR)
                  0000073c    00000264     timers.obj (.text:main)
                  000009a0    00000252     grlib.lib : string.obj (.text:GrFontGlyphRender)
                  00000bf2    00000002     startup_ccs.obj (.text:IntDefaultHandler)
                  00000bf4    00000200     driverlib.lib : sysctl.obj (.text:SysCtlClockFreqSet)
                  00000df4    000001ee     uartstdio.obj (.text:UARTvprintf)
                  00000fe2    00000002     Kentec320x240x16_ssd2119_spi.obj (.text:Kentec320x240x16_SSD2119Flush)
                  00000fe4    00000180     touch.obj (.text:TouchScreenDebouncer)
                  00001164    0000016c     driverlib.lib : gpio.obj (.text:GPIOPadConfigSet)
                  000012d0    0000014a     Kentec320x240x16_ssd2119_spi.obj (.text:Kentec320x240x16_SSD2119PixelDrawMultiple)
                  0000141a    00000136     rtsv7M4_T_le_v4SPD16_eabi.lib : fd_div_t2.asm.obj (.text)
                  00001550    00000130     touch.obj (.text:TouchScreenIntHandler)
                  00001680    00000124     Kentec320x240x16_ssd2119_spi.obj (.text:Kentec320x240x16_SSD2119RectFill)
                  000017a4    00000114     touch.obj (.text:TouchScreenInit)
                  000018b8    000000e8     grlib.lib : widget.obj (.text:WidgetMessageQueueAdd)
                  000019a0    000000d8     Kentec320x240x16_ssd2119_spi.obj (.text:Kentec320x240x16_SSD2119LineDrawH)
                  00001a78    000000c0     grlib.lib : string.obj (.text:GrDefaultStringRenderer)
                  00001b38    000000b8     Kentec320x240x16_ssd2119_spi.obj (.text:InitSPILCDInterface)
                  00001bf0    000000a4     Kentec320x240x16_ssd2119_spi.obj (.text:Kentec320x240x16_SSD2119LineDrawV)
                  00001c94    0000009c     rtsv7M4_T_le_v4SPD16_eabi.lib : memcpy_t2.asm.obj (.text)
                  00001d30    00000094     timers.obj (.text:Timer0IntHandler)
                  00001dc4    00000090     timers.obj (.text:Timer1IntHandler)
                  00001e54    00000086     grlib.lib : rectangle.obj (.text:GrRectFill)
                  00001eda    00000002     startup_ccs.obj (.text:NmiSR)
                  00001edc    0000007c     Kentec320x240x16_ssd2119_spi.obj (.text:Kentec320x240x16_SSD2119PixelDraw)
                  00001f58    0000007a     driverlib.lib : adc.obj (.text:ADCSequenceStepConfigure)
                  00001fd2    00000002     rtsv7M4_T_le_v4SPD16_eabi.lib : div0.asm.obj (.text)
                  00001fd4    00000068     grlib.lib : context.obj (.text:GrContextInit)
                  0000203c    00000068               : string.obj (.text:GrStringWidthGet)
                  000020a4    00000068     driverlib.lib : interrupt.obj (.text:IntEnable)
                  0000210c    00000068     rtsv7M4_T_le_v4SPD16_eabi.lib : copy_decompress_lzss.c.obj (.text:decompress:lzss:__TI_decompress_lzss)
                  00002174    00000066     grlib.lib : rectangle.obj (.text:GrRectDraw)
                  000021da    00000002     --HOLE-- [fill = 0]
                  000021dc    00000060     driverlib.lib : timer.obj (.text:TimerConfigure)
                  0000223c    00000060     uartstdio.obj (.text:UARTStdioConfig)
                  0000229c    0000005c     timers.obj (.text:ConfigureUART)
                  000022f8    0000005c     driverlib.lib : timer.obj (.text:TimerControlTrigger)
                  00002354    0000005a     grlib.lib : string.obj (.text:FontWideGlyphDataGet)
                  000023ae    00000002     --HOLE-- [fill = 0]
                  000023b0    00000050     uartstdio.obj (.text:UARTwrite)
                  00002400    0000004e     driverlib.lib : adc.obj (.text:ADCSequenceConfigure)
                  0000244e    00000002     --HOLE-- [fill = 0]
                  00002450    0000004c                   : gpio.obj (.text:GPIOPinConfigure)
                  0000249c    0000004c     Kentec320x240x16_ssd2119_spi.obj (.text:WriteCommandSPI)
                  000024e8    0000004c     Kentec320x240x16_ssd2119_spi.obj (.text:WriteDataSPI)
                  00002534    0000004a     grlib.lib : string.obj (.text:UpdateContextCharMapping)
                  0000257e    00000002     --HOLE-- [fill = 0]
                  00002580    00000048     driverlib.lib : sysctl.obj (.text:_SysCtlFrequencyGet)
                  000025c8    00000046     grlib.lib : line.obj (.text:GrLineDrawH)
                  0000260e    00000046               : line.obj (.text:GrLineDrawV)
                  00002654    00000044     rtsv7M4_T_le_v4SPD16_eabi.lib : autoinit.c.obj (.text:__TI_auto_init_nobinit_nopinit:__TI_auto_init_nobinit_nopinit)
                  00002698    00000044                                   : fd_tou_t2.asm.obj (.text)
                  000026dc    00000040                                   : u_divt2.asm.obj (.text)
                  0000271c    0000003c     grlib.lib : string.obj (.text:FontGlyphDataGet)
                  00002758    0000003c     driverlib.lib : ssi.obj (.text:SSIConfigSetExpClk)
                  00002794    00000034                   : sysctl.obj (.text:SysCtlPeripheralEnable)
                  000027c8    00000034     rtsv7M4_T_le_v4SPD16_eabi.lib : boot_cortex_m.c.obj (.text:_c_int00_noargs:_c_int00_noargs)
                  000027fc    0000002e     grlib.lib : string.obj (.text:GrStringNextCharGet)
                  0000282a    0000002c     driverlib.lib : gpio.obj (.text:GPIODirModeSet)
                  00002856    0000002c     grlib.lib : string.obj (.text:GrFontBaselineGet)
                  00002882    00000026               : string.obj (.text:GrFontInfoGet)
                  000028a8    00000022               : string.obj (.text:GrFontGlyphDataGet)
                  000028ca    00000002     --HOLE-- [fill = 0]
                  000028cc    00000020     driverlib.lib : sysctl.obj (.text:_SysCtlMemTimingGet)
                  000028ec    00000020     rtsv7M4_T_le_v4SPD16_eabi.lib : u_tofd_t2.asm.obj (.text)
                  0000290c    0000001e     grlib.lib : string.obj (.text:GrFontCodepageGet)
                  0000292a    00000002     --HOLE-- [fill = 0]
                  0000292c    0000001c               : widget.obj (.text:WidgetPointerMessage)
                  00002948    0000001c     rtsv7M4_T_le_v4SPD16_eabi.lib : copy_zero_init.c.obj (.text:decompress:ZI:__TI_zero_init_nomemset:__TI_zero_init_nomemset)
                  00002964    0000001a     driverlib.lib : gpio.obj (.text:GPIOPinTypeGPIOOutput)
                  0000297e    0000001a     uartstdio.obj (.text:UARTprintf)
                  00002998    00000016     driverlib.lib : gpio.obj (.text:GPIOPinTypeSSI)
                  000029ae    00000016     grlib.lib : string.obj (.text:GrStringDraw)
                  000029c4    00000016     Kentec320x240x16_ssd2119_spi.obj (.text:Kentec320x240x16_SSD2119ColorTranslate)
                  000029da    00000014     grlib.lib : widget.obj (.text:WidgetMutexGet)
                  000029ee    00000014     rtsv7M4_T_le_v4SPD16_eabi.lib : strlen.c.obj (.text:strlen)
                  00002a02    00000012     driverlib.lib : ssi.obj (.text:SSIDataGetNonBlocking)
                  00002a14    00000012                   : timer.obj (.text:TimerLoadSet)
                  00002a26    00000010                   : adc.obj (.text:ADCIntEnable)
                  00002a36    00000002     --HOLE-- [fill = 0]
                  00002a38    00000010                   : fpu.obj (.text:FPUEnable)
                  00002a48    00000010                   : fpu.obj (.text:FPULazyStackingEnable)
                  00002a58    0000000e                   : adc.obj (.text:ADCSequenceEnable)
                  00002a66    0000000e                   : timer.obj (.text:TimerEnable)
                  00002a74    0000000e     rtsv7M4_T_le_v4SPD16_eabi.lib : copy_decompress_none.c.obj (.text:decompress:none:__TI_decompress_none)
                  00002a82    00000002     --HOLE-- [fill = 0]
                  00002a84    0000000c     touch.obj (.text:TouchScreenCallbackSet)
                  00002a90    0000000a     driverlib.lib : ssi.obj (.text:SSIDataPut)
                  00002a9a    0000000a                   : ssi.obj (.text:SSIEnable)
                  00002aa4    00000008     grlib.lib : charmap.obj (.text:GrMapISO8859_1_Unicode)
                  00002aac    00000008     driverlib.lib : ssi.obj (.text:SSIBusy)
                  00002ab4    00000006                   : gpio.obj (.text:GPIOPinWrite)
                  00002aba    00000006     grlib.lib : string.obj (.text:GrContextFontSet)
                  00002ac0    00000006     startup_ccs.obj (.text:ResetISR)
                  00002ac6    00000006     driverlib.lib : sysctl.obj (.text:SysCtlDelay)
                  00002acc    00000006     grlib.lib : widget.obj (.text:WidgetMutexPut)
                  00002ad2    00000004               : widget.obj (.text:WidgetDefaultMsgProc)
                  00002ad6    00000004     rtsv7M4_T_le_v4SPD16_eabi.lib : pre_init.c.obj (.text:_system_pre_init)
                  00002ada    00000004                                   : exit.c.obj (.text:abort:abort)

.const     0    00002ae0    00000d8c     
                  00002ae0    0000095e     grlib.lib : fontcm20.obj (.const:.string:g_pui8Cm20Data)
                  0000343e    00000002     --HOLE-- [fill = 0]
                  00003440    000001b0     driverlib.lib : sysctl.obj (.const:g_pppui32XTALtoVCO)
                  000035f0    000000c8     grlib.lib : fontcm20.obj (.const:g_sFontCm20)
                  000036b8    00000090     driverlib.lib : gpio.obj (.const:g_pui32GPIOBaseAddrs)
                  00003748    0000006c                   : sysctl.obj (.const:g_pui32Xtals)
                  000037b4    00000030                   : sysctl.obj (.const:g_sXTALtoMEMTIM)
                  000037e4    00000028     Kentec320x240x16_ssd2119_spi.obj (.const:g_sKentec320x240x16_SSD2119)
                  0000380c    0000001c     touch.obj (.const:g_pi32TouchParameters)
                  00003828    00000014     driverlib.lib : interrupt.obj (.const:g_pui32EnRegs)
                  0000383c    00000010     grlib.lib : context.obj (.const:g_psDefaultCodePointMapTable)
                  0000384c    0000000c     uartstdio.obj (.const:g_ui32UARTBase)
                  00003858    0000000c     uartstdio.obj (.const:g_ui32UARTPeriph)
                  00003864    00000008     driverlib.lib : sysctl.obj (.const:g_pui32VCOFrequencies)

.cinit     0    00003870    00000040     
                  00003870    00000015     (.cinit..data.load) [load image, compression = lzss]
                  00003885    00000003     --HOLE-- [fill = 0]
                  00003888    0000000c     (__TI_handler_table)
                  00003894    00000004     --HOLE-- [fill = 0]
                  00003898    00000008     (.cinit..bss.load) [load image, compression = zero_init]
                  000038a0    00000010     (__TI_cinit_table)

.init_array 
*          0    00000000    00000000     UNINITIALIZED

.bss       0    20000000    00000184     UNINITIALIZED
                  20000000    00000140     grlib.lib : widget.obj (.bss:g_psMQ)
                  20000140    00000010     touch.obj (.bss:g_pi16Samples)
                  20000150    0000000c     (.common:textToDisplay1)
                  2000015c    0000000c     (.common:textToDisplay2)
                  20000168    00000008     touch.obj (.bss)
                  20000170    00000004     grlib.lib : context.obj (.bss)
                  20000174    00000004     (.common:g_pi32ParmSet)
                  20000178    00000004     (.common:g_ui32Flags)
                  2000017c    00000004     (.common:g_ui32SysClock)
                  20000180    00000002     (.common:g_i16TouchX)
                  20000182    00000002     (.common:g_i16TouchY)

.data      0    20000288    00000042     UNINITIALIZED
                  20000288    00000020     grlib.lib : widget.obj (.data:g_sRoot)
                  200002a8    0000000d               : widget.obj (.data)
                  200002b5    00000003     --HOLE--
                  200002b8    00000008     timers.obj (.data)
                  200002c0    00000005     uartstdio.obj (.data)
                  200002c5    00000001     --HOLE--
                  200002c6    00000004     touch.obj (.data)

.stack     0    20000188    00000100     UNINITIALIZED
                  20000188    00000004     rtsv7M4_T_le_v4SPD16_eabi.lib : boot_cortex_m.c.obj (.stack)
                  2000018c    000000fc     --HOLE--

__llvm_prf_cnts 
*          0    20000000    00000000     UNINITIALIZED

.binit     0    00000000    00000000     

MODULE SUMMARY

       Module                             code    ro data   rw data
       ------                             ----    -------   -------
    .\
       timers.obj                         996     0         40     
       startup_ccs.obj                    12      512       0      
    +--+----------------------------------+-------+---------+---------+
       Total:                             1008    512       40     
                                                                   
    .\drivers\
       Kentec320x240x16_ssd2119_spi.obj   2824    40        0      
       touch.obj                          976     28        36     
    +--+----------------------------------+-------+---------+---------+
       Total:                             3800    68        36     
                                                                   
    .\utils\
       uartstdio.obj                      696     24        5      
    +--+----------------------------------+-------+---------+---------+
       Total:                             696     24        5      
                                                                   
    C:/ti/TivaWare_C_Series-2.2.0.295/driverlib/ccs/Debug/driverlib.lib
       sysctl.obj                         674     596       0      
       gpio.obj                           538     144       0      
       adc.obj                            230     0         0      
       timer.obj                          220     0         0      
       interrupt.obj                      104     20        0      
       ssi.obj                            106     0         0      
       fpu.obj                            32      0         0      
    +--+----------------------------------+-------+---------+---------+
       Total:                             1904    760       0      
                                                                   
    C:/ti/TivaWare_C_Series-2.2.0.295/grlib/ccs/Debug/grlib.lib
       fontcm20.obj                       0       2598      0      
       string.obj                         1334    0         0      
       widget.obj                         290     0         365    
       rectangle.obj                      236     0         0      
       line.obj                           140     0         0      
       context.obj                        104     16        4      
       charmap.obj                        8       0         0      
    +--+----------------------------------+-------+---------+---------+
       Total:                             2112    2614      369    
                                                                   
    C:\ti\ccs1220\ccs\tools\compiler\ti-cgt-arm_20.2.7.LTS\lib\rtsv7M4_T_le_v4SPD16_eabi.lib
       fd_div_t2.asm.obj                  310     0         0      
       memcpy_t2.asm.obj                  156     0         0      
       copy_decompress_lzss.c.obj         104     0         0      
       autoinit.c.obj                     68      0         0      
       fd_tou_t2.asm.obj                  68      0         0      
       u_divt2.asm.obj                    64      0         0      
       boot_cortex_m.c.obj                52      0         0      
       u_tofd_t2.asm.obj                  32      0         0      
       copy_zero_init.c.obj               28      0         0      
       strlen.c.obj                       20      0         0      
       copy_decompress_none.c.obj         14      0         0      
       exit.c.obj                         4       0         0      
       pre_init.c.obj                     4       0         0      
       div0.asm.obj                       2       0         0      
    +--+----------------------------------+-------+---------+---------+
       Total:                             926     0         0      
                                                                   
       Stack:                             0       0         256    
       Linker Generated:                  0       57        0      
    +--+----------------------------------+-------+---------+---------+
       Grand Total:                       10446   4035      706    


LINKER GENERATED COPY TABLES

__TI_cinit_table @ 000038a0 records: 2, size/record: 8, table size: 16
	.data: load addr=00003870, load size=00000015 bytes, run addr=20000288, run size=00000042 bytes, compression=lzss
	.bss: load addr=00003898, load size=00000008 bytes, run addr=20000000, run size=00000184 bytes, compression=zero_init


LINKER GENERATED HANDLER TABLE

__TI_handler_table @ 00003888 records: 3, size/record: 4, table size: 12
	index: 0, handler: __TI_decompress_lzss
	index: 1, handler: __TI_decompress_none
	index: 2, handler: __TI_zero_init


GLOBAL SYMBOLS: SORTED ALPHABETICALLY BY Name 

address   name                          
-------   ----                          
00002a27  ADCIntEnable                  
00002401  ADCSequenceConfigure          
00002a59  ADCSequenceEnable             
00001f59  ADCSequenceStepConfigure      
00002adb  C$$EXIT                       
0000229d  ConfigureUART                 
00002a39  FPUEnable                     
00002a49  FPULazyStackingEnable         
0000282b  GPIODirModeSet                
00001165  GPIOPadConfigSet              
00002451  GPIOPinConfigure              
00002965  GPIOPinTypeGPIOOutput         
00002999  GPIOPinTypeSSI                
00002ab5  GPIOPinWrite                  
00002abb  GrContextFontSet              
00001fd5  GrContextInit                 
00001a79  GrDefaultStringRenderer       
00002857  GrFontBaselineGet             
0000290d  GrFontCodepageGet             
000028a9  GrFontGlyphDataGet            
000009a1  GrFontGlyphRender             
00002883  GrFontInfoGet                 
000025c9  GrLineDrawH                   
0000260f  GrLineDrawV                   
00002aa5  GrMapISO8859_1_Unicode        
00002175  GrRectDraw                    
00001e55  GrRectFill                    
000029af  GrStringDraw                  
000027fd  GrStringNextCharGet           
0000203d  GrStringWidthGet              
000020a5  IntEnable                     
00000201  Kentec320x240x16_SSD2119Init  
00002ac1  ResetISR                      
00002aad  SSIBusy                       
00002759  SSIConfigSetExpClk            
00002a03  SSIDataGetNonBlocking         
00002a91  SSIDataPut                    
00002a9b  SSIEnable                     
00000bf5  SysCtlClockFreqSet            
00002ac7  SysCtlDelay                   
00002795  SysCtlPeripheralEnable        
00001d31  Timer0IntHandler              
00001dc5  Timer1IntHandler              
000021dd  TimerConfigure                
000022f9  TimerControlTrigger           
00002a67  TimerEnable                   
00002a15  TimerLoadSet                  
00002a85  TouchScreenCallbackSet        
000017a5  TouchScreenInit               
00001551  TouchScreenIntHandler         
0000223d  UARTStdioConfig               
0000297f  UARTprintf                    
00000df5  UARTvprintf                   
000023b1  UARTwrite                     
00002ad3  WidgetDefaultMsgProc          
000018b9  WidgetMessageQueueAdd         
000029db  WidgetMutexGet                
00002acd  WidgetMutexPut                
0000292d  WidgetPointerMessage          
20000288  __STACK_END                   
00000100  __STACK_SIZE                  
20000288  __STACK_TOP                   
000038a0  __TI_CINIT_Base               
000038b0  __TI_CINIT_Limit              
00003888  __TI_Handler_Table_Base       
00003894  __TI_Handler_Table_Limit      
00002655  __TI_auto_init_nobinit_nopinit
0000210d  __TI_decompress_lzss          
00002a75  __TI_decompress_none          
ffffffff  __TI_pprof_out_hndl           
ffffffff  __TI_prof_data_size           
ffffffff  __TI_prof_data_start          
00000000  __TI_static_base__            
00002949  __TI_zero_init_nomemset       
00002699  __aeabi_d2uiz                 
0000141b  __aeabi_ddiv                  
00001fd3  __aeabi_idiv0                 
00001fd3  __aeabi_ldiv0                 
00001c95  __aeabi_memcpy                
00001c95  __aeabi_memcpy4               
00001c95  __aeabi_memcpy8               
000028ed  __aeabi_ui2d                  
000026dd  __aeabi_uidiv                 
000026dd  __aeabi_uidivmod              
ffffffff  __binit__                     
ffffffff  __c_args__                    
UNDEFED   __mpu_init                    
20000188  __stack                       
20000000  __start___llvm_prf_cnts       
20000000  __stop___llvm_prf_cnts        
000027c9  _c_int00_noargs               
UNDEFED   _system_post_cinit            
00002ad7  _system_pre_init              
00002adb  abort                         
ffffffff  binit                         
200002b8  g1                            
200002bc  g2                            
200002c6  g_i16TouchMin                 
20000180  g_i16TouchX                   
20000182  g_i16TouchY                   
00000000  g_pfnVectors                  
20000174  g_pi32ParmSet                 
0000380c  g_pi32TouchParameters         
0000383c  g_psDefaultCodePointMapTable  
000035f0  g_sFontCm20                   
000037e4  g_sKentec320x240x16_SSD2119   
20000288  g_sRoot                       
20000178  g_ui32Flags                   
2000017c  g_ui32SysClock                
0000073d  main                          
00001c95  memcpy                        
000029ef  strlen                        
20000150  textToDisplay1                
2000015c  textToDisplay2                


GLOBAL SYMBOLS: SORTED BY Symbol Address 

address   name                          
-------   ----                          
00000000  __TI_static_base__            
00000000  g_pfnVectors                  
00000100  __STACK_SIZE                  
00000201  Kentec320x240x16_SSD2119Init  
0000073d  main                          
000009a1  GrFontGlyphRender             
00000bf5  SysCtlClockFreqSet            
00000df5  UARTvprintf                   
00001165  GPIOPadConfigSet              
0000141b  __aeabi_ddiv                  
00001551  TouchScreenIntHandler         
000017a5  TouchScreenInit               
000018b9  WidgetMessageQueueAdd         
00001a79  GrDefaultStringRenderer       
00001c95  __aeabi_memcpy                
00001c95  __aeabi_memcpy4               
00001c95  __aeabi_memcpy8               
00001c95  memcpy                        
00001d31  Timer0IntHandler              
00001dc5  Timer1IntHandler              
00001e55  GrRectFill                    
00001f59  ADCSequenceStepConfigure      
00001fd3  __aeabi_idiv0                 
00001fd3  __aeabi_ldiv0                 
00001fd5  GrContextInit                 
0000203d  GrStringWidthGet              
000020a5  IntEnable                     
0000210d  __TI_decompress_lzss          
00002175  GrRectDraw                    
000021dd  TimerConfigure                
0000223d  UARTStdioConfig               
0000229d  ConfigureUART                 
000022f9  TimerControlTrigger           
000023b1  UARTwrite                     
00002401  ADCSequenceConfigure          
00002451  GPIOPinConfigure              
000025c9  GrLineDrawH                   
0000260f  GrLineDrawV                   
00002655  __TI_auto_init_nobinit_nopinit
00002699  __aeabi_d2uiz                 
000026dd  __aeabi_uidiv                 
000026dd  __aeabi_uidivmod              
00002759  SSIConfigSetExpClk            
00002795  SysCtlPeripheralEnable        
000027c9  _c_int00_noargs               
000027fd  GrStringNextCharGet           
0000282b  GPIODirModeSet                
00002857  GrFontBaselineGet             
00002883  GrFontInfoGet                 
000028a9  GrFontGlyphDataGet            
000028ed  __aeabi_ui2d                  
0000290d  GrFontCodepageGet             
0000292d  WidgetPointerMessage          
00002949  __TI_zero_init_nomemset       
00002965  GPIOPinTypeGPIOOutput         
0000297f  UARTprintf                    
00002999  GPIOPinTypeSSI                
000029af  GrStringDraw                  
000029db  WidgetMutexGet                
000029ef  strlen                        
00002a03  SSIDataGetNonBlocking         
00002a15  TimerLoadSet                  
00002a27  ADCIntEnable                  
00002a39  FPUEnable                     
00002a49  FPULazyStackingEnable         
00002a59  ADCSequenceEnable             
00002a67  TimerEnable                   
00002a75  __TI_decompress_none          
00002a85  TouchScreenCallbackSet        
00002a91  SSIDataPut                    
00002a9b  SSIEnable                     
00002aa5  GrMapISO8859_1_Unicode        
00002aad  SSIBusy                       
00002ab5  GPIOPinWrite                  
00002abb  GrContextFontSet              
00002ac1  ResetISR                      
00002ac7  SysCtlDelay                   
00002acd  WidgetMutexPut                
00002ad3  WidgetDefaultMsgProc          
00002ad7  _system_pre_init              
00002adb  C$$EXIT                       
00002adb  abort                         
000035f0  g_sFontCm20                   
000037e4  g_sKentec320x240x16_SSD2119   
0000380c  g_pi32TouchParameters         
0000383c  g_psDefaultCodePointMapTable  
00003888  __TI_Handler_Table_Base       
00003894  __TI_Handler_Table_Limit      
000038a0  __TI_CINIT_Base               
000038b0  __TI_CINIT_Limit              
20000000  __start___llvm_prf_cnts       
20000000  __stop___llvm_prf_cnts        
20000150  textToDisplay1                
2000015c  textToDisplay2                
20000174  g_pi32ParmSet                 
20000178  g_ui32Flags                   
2000017c  g_ui32SysClock                
20000180  g_i16TouchX                   
20000182  g_i16TouchY                   
20000188  __stack                       
20000288  __STACK_END                   
20000288  __STACK_TOP                   
20000288  g_sRoot                       
200002b8  g1                            
200002bc  g2                            
200002c6  g_i16TouchMin                 
ffffffff  __TI_pprof_out_hndl           
ffffffff  __TI_prof_data_size           
ffffffff  __TI_prof_data_start          
ffffffff  __binit__                     
ffffffff  __c_args__                    
ffffffff  binit                         
UNDEFED   __mpu_init                    
UNDEFED   _system_post_cinit            

[114 symbols]
