******************************************************************************
                  TI ARM Linker PC v20.2.7                     
******************************************************************************
>> Linked Tue Mar 14 17:28:51 2023

OUTPUT FILE NAME:   <timers.out>
ENTRY POINT SYMBOL: "_c_int00_noargs"  address: 00000dcd


MEMORY CONFIGURATION

         name            origin    length      used     unused   attr    fill
----------------------  --------  ---------  --------  --------  ----  --------
  FLASH                 00000000   00100000  0000113e  000feec2  R  X
  SRAM                  20000000   00040000  00000130  0003fed0  RW X


SEGMENT ALLOCATION MAP

run origin  load origin   length   init length attrs members
----------  ----------- ---------- ----------- ----- -------
00000000    00000000    00001140   00001140    r-x
  00000000    00000000    00000200   00000200    r-- .intvecs
  00000200    00000200    00000c7e   00000c7e    r-x .text
  00000e80    00000e80    00000288   00000288    r-- .const
  00001108    00001108    00000038   00000038    r-- .cinit
20000000    20000000    00000130   00000000    rw-
  20000000    20000000    00000100   00000000    rw- .stack
  20000100    20000100    00000024   00000000    rw- .bss
  20000124    20000124    0000000c   00000000    rw- .data


SECTION ALLOCATION MAP

 output                                  attributes/
section   page    origin      length       input sections
--------  ----  ----------  ----------   ----------------
.intvecs   0    00000000    00000200     
                  00000000    00000200     startup_ccs.obj (.intvecs)

.text      0    00000200    00000c7e     
                  00000200    00000200     driverlib.lib : sysctl.obj (.text:SysCtlClockFreqSet)
                  00000400    000001ee     uartstdio.obj (.text:UARTvprintf)
                  000005ee    00000002     startup_ccs.obj (.text:FaultISR)
                  000005f0    00000180     touch.obj (.text:TouchScreenDebouncer)
                  00000770    00000130     touch.obj (.text:TouchScreenIntHandler)
                  000008a0    0000011c     timers.obj (.text:main)
                  000009bc    0000009c     timers.obj (.text:Timer0IntHandler)
                  00000a58    0000009c     rtsv7M4_T_le_v4SPD16_eabi.lib : memcpy_t2.asm.obj (.text)
                  00000af4    00000098     timers.obj (.text:Timer1IntHandler)
                  00000b8c    00000068     rtsv7M4_T_le_v4SPD16_eabi.lib : copy_decompress_lzss.c.obj (.text:decompress:lzss:__TI_decompress_lzss)
                  00000bf4    00000060     uartstdio.obj (.text:UARTStdioConfig)
                  00000c54    0000005c     timers.obj (.text:ConfigureUART)
                  00000cb0    00000050     uartstdio.obj (.text:UARTwrite)
                  00000d00    00000048     driverlib.lib : sysctl.obj (.text:_SysCtlFrequencyGet)
                  00000d48    00000044     rtsv7M4_T_le_v4SPD16_eabi.lib : autoinit.c.obj (.text:__TI_auto_init_nobinit_nopinit:__TI_auto_init_nobinit_nopinit)
                  00000d8c    00000040                                   : u_divt2.asm.obj (.text)
                  00000dcc    00000034                                   : boot_cortex_m.c.obj (.text:_c_int00_noargs:_c_int00_noargs)
                  00000e00    00000020     driverlib.lib : sysctl.obj (.text:_SysCtlMemTimingGet)
                  00000e20    0000001c     rtsv7M4_T_le_v4SPD16_eabi.lib : copy_zero_init.c.obj (.text:decompress:ZI:__TI_zero_init_nomemset:__TI_zero_init_nomemset)
                  00000e3c    0000001a     uartstdio.obj (.text:UARTprintf)
                  00000e56    0000000e     rtsv7M4_T_le_v4SPD16_eabi.lib : copy_decompress_none.c.obj (.text:decompress:none:__TI_decompress_none)
                  00000e64    00000006     driverlib.lib : gpio.obj (.text:GPIOPinWrite)
                  00000e6a    00000006     startup_ccs.obj (.text:ResetISR)
                  00000e70    00000004     rtsv7M4_T_le_v4SPD16_eabi.lib : pre_init.c.obj (.text:_system_pre_init)
                  00000e74    00000004                                   : exit.c.obj (.text:abort:abort)
                  00000e78    00000002     startup_ccs.obj (.text:IntDefaultHandler)
                  00000e7a    00000002     startup_ccs.obj (.text:NmiSR)
                  00000e7c    00000002     rtsv7M4_T_le_v4SPD16_eabi.lib : div0.asm.obj (.text)

.const     0    00000e80    00000288     
                  00000e80    000001b0     driverlib.lib : sysctl.obj (.const:g_pppui32XTALtoVCO)
                  00001030    0000006c                   : sysctl.obj (.const:g_pui32Xtals)
                  0000109c    00000030                   : sysctl.obj (.const:g_sXTALtoMEMTIM)
                  000010cc    0000001c     touch.obj (.const:g_pi32TouchParameters)
                  000010e8    0000000c     uartstdio.obj (.const:g_ui32UARTBase)
                  000010f4    0000000c     uartstdio.obj (.const:g_ui32UARTPeriph)
                  00001100    00000008     driverlib.lib : sysctl.obj (.const:g_pui32VCOFrequencies)

.cinit     0    00001108    00000038     
                  00001108    0000000e     (.cinit..data.load) [load image, compression = lzss]
                  00001116    00000002     --HOLE-- [fill = 0]
                  00001118    0000000c     (__TI_handler_table)
                  00001124    00000004     --HOLE-- [fill = 0]
                  00001128    00000008     (.cinit..bss.load) [load image, compression = zero_init]
                  00001130    00000010     (__TI_cinit_table)

.init_array 
*          0    00000000    00000000     UNINITIALIZED

.bss       0    20000100    00000024     UNINITIALIZED
                  20000100    00000010     touch.obj (.bss:g_pi16Samples)
                  20000110    00000008     touch.obj (.bss)
                  20000118    00000004     (.common:g_ui32Flags)
                  2000011c    00000004     (.common:g_ui32SysClock)
                  20000120    00000002     (.common:g_i16TouchX)
                  20000122    00000002     (.common:g_i16TouchY)

.data      0    20000124    0000000c     UNINITIALIZED
                  20000124    00000005     uartstdio.obj (.data)
                  20000129    00000001     --HOLE--
                  2000012a    00000004     touch.obj (.data)
                  2000012e    00000002     timers.obj (.data)

.stack     0    20000000    00000100     UNINITIALIZED
                  20000000    00000004     rtsv7M4_T_le_v4SPD16_eabi.lib : boot_cortex_m.c.obj (.stack)
                  20000004    000000fc     --HOLE--

__llvm_prf_cnts 
*          0    20000000    00000000     UNINITIALIZED

.binit     0    00000000    00000000     

MODULE SUMMARY

       Module                       code   ro data   rw data
       ------                       ----   -------   -------
    .\
       timers.obj                   684    0         10     
       startup_ccs.obj              12     512       0      
    +--+----------------------------+------+---------+---------+
       Total:                       696    512       10     
                                                            
    .\drivers\
       touch.obj                    688    28        32     
    +--+----------------------------+------+---------+---------+
       Total:                       688    28        32     
                                                            
    .\utils\
       uartstdio.obj                696    24        5      
    +--+----------------------------+------+---------+---------+
       Total:                       696    24        5      
                                                            
    C:/ti/TivaWare_C_Series-2.2.0.295/driverlib/ccs/Debug/driverlib.lib
       sysctl.obj                   616    596       0      
       gpio.obj                     6      0         0      
    +--+----------------------------+------+---------+---------+
       Total:                       622    596       0      
                                                            
    C:\ti\ccs1220\ccs\tools\compiler\ti-cgt-arm_20.2.7.LTS\lib\rtsv7M4_T_le_v4SPD16_eabi.lib
       memcpy_t2.asm.obj            156    0         0      
       copy_decompress_lzss.c.obj   104    0         0      
       autoinit.c.obj               68     0         0      
       u_divt2.asm.obj              64     0         0      
       boot_cortex_m.c.obj          52     0         0      
       copy_zero_init.c.obj         28     0         0      
       copy_decompress_none.c.obj   14     0         0      
       exit.c.obj                   4      0         0      
       pre_init.c.obj               4      0         0      
       div0.asm.obj                 2      0         0      
    +--+----------------------------+------+---------+---------+
       Total:                       496    0         0      
                                                            
       Stack:                       0      0         256    
       Linker Generated:            0      50        0      
    +--+----------------------------+------+---------+---------+
       Grand Total:                 3198   1210      303    


LINKER GENERATED COPY TABLES

__TI_cinit_table @ 00001130 records: 2, size/record: 8, table size: 16
	.data: load addr=00001108, load size=0000000e bytes, run addr=20000124, run size=0000000c bytes, compression=lzss
	.bss: load addr=00001128, load size=00000008 bytes, run addr=20000100, run size=00000024 bytes, compression=zero_init


LINKER GENERATED HANDLER TABLE

__TI_handler_table @ 00001118 records: 3, size/record: 4, table size: 12
	index: 0, handler: __TI_decompress_lzss
	index: 1, handler: __TI_decompress_none
	index: 2, handler: __TI_zero_init


GLOBAL SYMBOLS: SORTED ALPHABETICALLY BY Name 

address   name                          
-------   ----                          
00000e75  C$$EXIT                       
00000c55  ConfigureUART                 
00000e65  GPIOPinWrite                  
00000e6b  ResetISR                      
00000201  SysCtlClockFreqSet            
000009bd  Timer0IntHandler              
00000af5  Timer1IntHandler              
00000771  TouchScreenIntHandler         
00000bf5  UARTStdioConfig               
00000e3d  UARTprintf                    
00000401  UARTvprintf                   
00000cb1  UARTwrite                     
20000100  __STACK_END                   
00000100  __STACK_SIZE                  
20000100  __STACK_TOP                   
00001130  __TI_CINIT_Base               
00001140  __TI_CINIT_Limit              
00001118  __TI_Handler_Table_Base       
00001124  __TI_Handler_Table_Limit      
00000d49  __TI_auto_init_nobinit_nopinit
00000b8d  __TI_decompress_lzss          
00000e57  __TI_decompress_none          
ffffffff  __TI_pprof_out_hndl           
ffffffff  __TI_prof_data_size           
ffffffff  __TI_prof_data_start          
00000000  __TI_static_base__            
00000e21  __TI_zero_init_nomemset       
00000e7d  __aeabi_idiv0                 
00000e7d  __aeabi_ldiv0                 
00000a59  __aeabi_memcpy                
00000a59  __aeabi_memcpy4               
00000a59  __aeabi_memcpy8               
00000d8d  __aeabi_uidiv                 
00000d8d  __aeabi_uidivmod              
ffffffff  __binit__                     
ffffffff  __c_args__                    
UNDEFED   __mpu_init                    
20000000  __stack                       
20000000  __start___llvm_prf_cnts       
20000000  __stop___llvm_prf_cnts        
00000dcd  _c_int00_noargs               
UNDEFED   _system_post_cinit            
00000e71  _system_pre_init              
00000e75  abort                         
ffffffff  binit                         
2000012e  g1                            
2000012f  g2                            
2000012a  g_i16TouchMin                 
20000120  g_i16TouchX                   
20000122  g_i16TouchY                   
00000000  g_pfnVectors                  
000010cc  g_pi32TouchParameters         
20000118  g_ui32Flags                   
2000011c  g_ui32SysClock                
000008a1  main                          
00000a59  memcpy                        


GLOBAL SYMBOLS: SORTED BY Symbol Address 

address   name                          
-------   ----                          
00000000  __TI_static_base__            
00000000  g_pfnVectors                  
00000100  __STACK_SIZE                  
00000201  SysCtlClockFreqSet            
00000401  UARTvprintf                   
00000771  TouchScreenIntHandler         
000008a1  main                          
000009bd  Timer0IntHandler              
00000a59  __aeabi_memcpy                
00000a59  __aeabi_memcpy4               
00000a59  __aeabi_memcpy8               
00000a59  memcpy                        
00000af5  Timer1IntHandler              
00000b8d  __TI_decompress_lzss          
00000bf5  UARTStdioConfig               
00000c55  ConfigureUART                 
00000cb1  UARTwrite                     
00000d49  __TI_auto_init_nobinit_nopinit
00000d8d  __aeabi_uidiv                 
00000d8d  __aeabi_uidivmod              
00000dcd  _c_int00_noargs               
00000e21  __TI_zero_init_nomemset       
00000e3d  UARTprintf                    
00000e57  __TI_decompress_none          
00000e65  GPIOPinWrite                  
00000e6b  ResetISR                      
00000e71  _system_pre_init              
00000e75  C$$EXIT                       
00000e75  abort                         
00000e7d  __aeabi_idiv0                 
00000e7d  __aeabi_ldiv0                 
000010cc  g_pi32TouchParameters         
00001118  __TI_Handler_Table_Base       
00001124  __TI_Handler_Table_Limit      
00001130  __TI_CINIT_Base               
00001140  __TI_CINIT_Limit              
20000000  __stack                       
20000000  __start___llvm_prf_cnts       
20000000  __stop___llvm_prf_cnts        
20000100  __STACK_END                   
20000100  __STACK_TOP                   
20000118  g_ui32Flags                   
2000011c  g_ui32SysClock                
20000120  g_i16TouchX                   
20000122  g_i16TouchY                   
2000012a  g_i16TouchMin                 
2000012e  g1                            
2000012f  g2                            
ffffffff  __TI_pprof_out_hndl           
ffffffff  __TI_prof_data_size           
ffffffff  __TI_prof_data_start          
ffffffff  __binit__                     
ffffffff  __c_args__                    
ffffffff  binit                         
UNDEFED   __mpu_init                    
UNDEFED   _system_post_cinit            

[56 symbols]
