******************************************************************************
                  TI ARM Linker PC v20.2.7                     
******************************************************************************
>> Linked Tue Mar 14 16:31:11 2023

OUTPUT FILE NAME:   <grlib_demo.out>
ENTRY POINT SYMBOL: "_c_int00_noargs"  address: 0000a8f1


MEMORY CONFIGURATION

         name            origin    length      used     unused   attr    fill
----------------------  --------  ---------  --------  --------  ----  --------
  FLASH                 00000000   00100000  0000b28a  000f4d76  R  X
  SRAM                  20000000   00040000  00001a76  0003e58a  RW X


SEGMENT ALLOCATION MAP

run origin  load origin   length   init length attrs members
----------  ----------- ---------- ----------- ----- -------
00000000    00000000    0000b290   0000b290    r-x
  00000000    00000000    00000200   00000200    r-- .intvecs
  00000200    00000200    00005dfc   00005dfc    r-- .const
  00005ffc    00005ffc    00004d96   00004d96    r-x .text
  0000ad98    0000ad98    000004f8   000004f8    r-- .cinit
20000000    20000000    000010d6   00000000    rw-
  20000000    20000000    000010d6   00000000    rw- .data
20001400    20001400    000009a0   00000000    rw-
  20001400    20001400    000005a0   00000000    rw- .bss
  200019a0    200019a0    00000400   00000000    rw- .stack


SECTION ALLOCATION MAP

 output                                  attributes/
section   page    origin      length       input sections
--------  ----  ----------  ----------   ----------------
.intvecs   0    00000000    00000200     
                  00000000    00000200     startup_ccs.obj (.intvecs)

.const     0    00000200    00005dfc     
                  00000200    00000a60     grlib.lib : fontcm24.obj (.const:.string:g_pui8Cm24Data)
                  00000c60    00000960               : fontcm22.obj (.const:.string:g_pui8Cm22Data)
                  000015c0    0000095e               : fontcm20.obj (.const:.string:g_pui8Cm20Data)
                  00001f1e    0000086e               : fontcm18.obj (.const:.string:g_pui8Cm18Data)
                  0000278c    0000083d     images.obj (.const:.string:g_pui8RedSlider195x37)
                  00002fc9    00000826     images.obj (.const:.string:g_pui8GreenSlider195x37)
                  000037ef    00000705     images.obj (.const:.string:g_pui8GettingHotter28x148)
                  00003ef4    0000065a     grlib.lib : fontcm14.obj (.const:.string:g_pui8Cm14Data)
                  0000454e    0000055f               : fontcm12.obj (.const:.string:g_pui8Cm12Data)
                  00004aad    000003ad     images.obj (.const:.string:g_pui8GettingHotter28x148Mono)
                  00004e5a    00000230     images.obj (.const:.string:g_pui8Logo)
                  0000508a    00000210     images.obj (.const:.string:g_pui8Blue50x50)
                  0000529a    0000020e     images.obj (.const:.string:g_pui8Blue50x50Press)
                  000054a8    000001b0     driverlib.lib : sysctl.obj (.const:g_pppui32XTALtoVCO)
                  00005658    0000017a     grlib_demo.obj (.const:.string)
                  000057d2    000000f5     images.obj (.const:.string:g_pui8LightOff)
                  000058c7    000000e6     images.obj (.const:.string:g_pui8LightOn)
                  000059ad    00000003     --HOLE-- [fill = 0]
                  000059b0    000000c8     grlib.lib : fontcm12.obj (.const:g_sFontCm12)
                  00005a78    000000c8               : fontcm14.obj (.const:g_sFontCm14)
                  00005b40    000000c8               : fontcm18.obj (.const:g_sFontCm18)
                  00005c08    000000c8               : fontcm20.obj (.const:g_sFontCm20)
                  00005cd0    000000c8               : fontcm22.obj (.const:g_sFontCm22)
                  00005d98    000000c8               : fontcm24.obj (.const:g_sFontCm24)
                  00005e60    00000090     driverlib.lib : gpio.obj (.const:g_pui32GPIOBaseAddrs)
                  00005ef0    0000006c                   : sysctl.obj (.const:g_pui32Xtals)
                  00005f5c    00000030                   : sysctl.obj (.const:g_sXTALtoMEMTIM)
                  00005f8c    00000028     Kentec320x240x16_ssd2119_spi.obj (.const:g_sKentec320x240x16_SSD2119)
                  00005fb4    0000001c     touch.obj (.const:g_pi32TouchParameters)
                  00005fd0    00000014     driverlib.lib : interrupt.obj (.const:g_pui32EnRegs)
                  00005fe4    00000010     grlib.lib : context.obj (.const:g_psDefaultCodePointMapTable)
                  00005ff4    00000008     driverlib.lib : sysctl.obj (.const:g_pui32VCOFrequencies)

.text      0    00005ffc    00004d96     
                  00005ffc    0000053a     Kentec320x240x16_ssd2119_spi.obj (.text:Kentec320x240x16_SSD2119Init)
                  00006536    00000002     startup_ccs.obj (.text:FaultISR)
                  00006538    00000374     grlib.lib : image.obj (.text:InternalImageDraw)
                  000068ac    000002dc               : image.obj (.text:PixelTransparentDraw)
                  00006b88    000002c8               : slider.obj (.text:SliderPaint)
                  00006e50    00000252               : string.obj (.text:GrFontGlyphRender)
                  000070a2    00000002     startup_ccs.obj (.text:IntDefaultHandler)
                  000070a4    00000251     ustdlib.obj (.text:uvsnprintf)
                  000072f5    00000001     --HOLE-- [fill = 0]
                  000072f6    0000020c     grlib.lib : checkbox.obj (.text:CheckBoxPaint)
                  00007502    0000020a               : circle.obj (.text:GrCircleDraw)
                  0000770c    00000208     grlib_demo.obj (.text:OnIntroPaint)
                  00007914    00000200     grlib_demo.obj (.text:OnPrimitivePaint)
                  00007b14    00000200     driverlib.lib : sysctl.obj (.text:SysCtlClockFreqSet)
                  00007d14    000001b6     grlib.lib : radiobutton.obj (.text:RadioButtonPaint)
                  00007eca    00000190               : canvas.obj (.text:CanvasPaint)
                  0000805a    00000002     Kentec320x240x16_ssd2119_spi.obj (.text:Kentec320x240x16_SSD2119Flush)
                  0000805c    00000180     touch.obj (.text:TouchScreenDebouncer)
                  000081dc    0000017e     grlib.lib : pushbutton.obj (.text:RectangularButtonPaint)
                  0000835a    0000016e               : pushbutton.obj (.text:CircularButtonPaint)
                  000084c8    0000016c     driverlib.lib : gpio.obj (.text:GPIOPadConfigSet)
                  00008634    00000164     grlib_demo.obj (.text:main)
                  00008798    00000154     grlib.lib : container.obj (.text:ContainerPaint)
                  000088ec    0000014a     Kentec320x240x16_ssd2119_spi.obj (.text:Kentec320x240x16_SSD2119PixelDrawMultiple)
                  00008a36    00000144     grlib.lib : circle.obj (.text:GrCircleFill)
                  00008b7a    00000002     startup_ccs.obj (.text:NmiSR)
                  00008b7c    00000130     touch.obj (.text:TouchScreenIntHandler)
                  00008cac    00000124     Kentec320x240x16_ssd2119_spi.obj (.text:Kentec320x240x16_SSD2119RectFill)
                  00008dd0    00000114     touch.obj (.text:TouchScreenInit)
                  00008ee4    00000106     grlib.lib : line.obj (.text:GrLineDraw)
                  00008fea    000000f2               : pushbutton.obj (.text:RectangularButtonClick)
                  000090dc    000000e8               : widget.obj (.text:WidgetMessageQueueAdd)
                  000091c4    000000da               : slider.obj (.text:SliderClick)
                  0000929e    00000002     rtsv7M4_T_le_v4SPD16_eabi.lib : div0.asm.obj (.text)
                  000092a0    000000d8     Kentec320x240x16_ssd2119_spi.obj (.text:Kentec320x240x16_SSD2119LineDrawH)
                  00009378    000000d4     grlib.lib : pushbutton.obj (.text:CircularButtonClick)
                  0000944c    000000c0               : string.obj (.text:GrDefaultStringRenderer)
                  0000950c    000000bc     grlib_demo.obj (.text:OnPrevious)
                  000095c8    000000ba     grlib.lib : line.obj (.text:GrLineClip)
                  00009682    00000002     --HOLE-- [fill = 0]
                  00009684    000000b8     Kentec320x240x16_ssd2119_spi.obj (.text:InitSPILCDInterface)
                  0000973c    000000b8     grlib_demo.obj (.text:OnNext)
                  000097f4    000000b4     grlib.lib : widget.obj (.text:WidgetMessageSendPostOrder)
                  000098a8    000000b0               : slider.obj (.text:SliderValueToPosition)
                  00009958    000000a4     Kentec320x240x16_ssd2119_spi.obj (.text:Kentec320x240x16_SSD2119LineDrawV)
                  000099fc    0000009c     rtsv7M4_T_le_v4SPD16_eabi.lib : memcpy_t2.asm.obj (.text)
                  00009a98    00000090     grlib.lib : radiobutton.obj (.text:RadioButtonClick)
                  00009b28    0000008c     grlib_demo.obj (.text:OnSliderChange)
                  00009bb4    00000088     grlib_demo.obj (.text:OnCanvasPaint)
                  00009c3c    00000086     grlib.lib : rectangle.obj (.text:GrRectFill)
                  00009cc2    00000002     --HOLE-- [fill = 0]
                  00009cc4    0000007c     Kentec320x240x16_ssd2119_spi.obj (.text:Kentec320x240x16_SSD2119PixelDraw)
                  00009d40    0000007a     driverlib.lib : adc.obj (.text:ADCSequenceStepConfigure)
                  00009dba    0000007a     rtsv7M4_T_le_v4SPD16_eabi.lib : memset_t2.asm.obj (.text)
                  00009e34    0000006e     grlib.lib : rectangle.obj (.text:GrRectIntersectGet)
                  00009ea2    00000002     --HOLE-- [fill = 0]
                  00009ea4    0000006c     grlib_demo.obj (.text:OnRadioChange)
                  00009f10    00000068     grlib.lib : context.obj (.text:GrContextInit)
                  00009f78    00000068               : string.obj (.text:GrStringWidthGet)
                  00009fe0    00000068     driverlib.lib : interrupt.obj (.text:IntEnable)
                  0000a048    00000068     rtsv7M4_T_le_v4SPD16_eabi.lib : copy_decompress_lzss.c.obj (.text:decompress:lzss:__TI_decompress_lzss)
                  0000a0b0    00000066     grlib.lib : context.obj (.text:GrContextClipRegionSet)
                  0000a116    00000066               : rectangle.obj (.text:GrRectDraw)
                  0000a17c    00000064     grlib_demo.obj (.text:OnButtonPress)
                  0000a1e0    00000060     driverlib.lib : timer.obj (.text:TimerConfigure)
                  0000a240    00000060     grlib.lib : widget.obj (.text:WidgetMessageQueueProcess)
                  0000a2a0    0000005e               : widget.obj (.text:WidgetMessageSendPreOrder)
                  0000a2fe    00000002     --HOLE-- [fill = 0]
                  0000a300    0000005c     driverlib.lib : timer.obj (.text:TimerControlTrigger)
                  0000a35c    0000005a     grlib.lib : string.obj (.text:FontWideGlyphDataGet)
                  0000a3b6    00000058               : slider.obj (.text:SliderPositionToValue)
                  0000a40e    00000050               : checkbox.obj (.text:CheckBoxClick)
                  0000a45e    00000002     --HOLE-- [fill = 0]
                  0000a460    00000050     grlib_demo.obj (.text:OnCheckChange)
                  0000a4b0    0000004e     driverlib.lib : adc.obj (.text:ADCSequenceConfigure)
                  0000a4fe    00000002     --HOLE-- [fill = 0]
                  0000a500    0000004c                   : gpio.obj (.text:GPIOPinConfigure)
                  0000a54c    0000004c     grlib.lib : widget.obj (.text:WidgetRemove)
                  0000a598    0000004c     Kentec320x240x16_ssd2119_spi.obj (.text:WriteCommandSPI)
                  0000a5e4    0000004c     Kentec320x240x16_ssd2119_spi.obj (.text:WriteDataSPI)
                  0000a630    0000004a     grlib.lib : string.obj (.text:UpdateContextCharMapping)
                  0000a67a    00000002     --HOLE-- [fill = 0]
                  0000a67c    00000048     driverlib.lib : sysctl.obj (.text:_SysCtlFrequencyGet)
                  0000a6c4    00000046     grlib.lib : line.obj (.text:GrLineDrawH)
                  0000a70a    00000046               : line.obj (.text:GrLineDrawV)
                  0000a750    00000044     rtsv7M4_T_le_v4SPD16_eabi.lib : autoinit.c.obj (.text:__TI_auto_init_nobinit_nopinit:__TI_auto_init_nobinit_nopinit)
                  0000a794    00000040                                   : u_divt2.asm.obj (.text)
                  0000a7d4    0000003c     grlib.lib : string.obj (.text:FontGlyphDataGet)
                  0000a810    0000003c     driverlib.lib : ssi.obj (.text:SSIConfigSetExpClk)
                  0000a84c    00000038     grlib.lib : rectangle.obj (.text:GrRectOverlapCheck)
                  0000a884    00000036               : line.obj (.text:GrClipCodeGet)
                  0000a8ba    00000002     --HOLE-- [fill = 0]
                  0000a8bc    00000034     driverlib.lib : sysctl.obj (.text:SysCtlPeripheralEnable)
                  0000a8f0    00000034     rtsv7M4_T_le_v4SPD16_eabi.lib : boot_cortex_m.c.obj (.text:_c_int00_noargs:_c_int00_noargs)
                  0000a924    0000002e     grlib.lib : checkbox.obj (.text:CheckBoxMsgProc)
                  0000a952    0000002e               : string.obj (.text:GrStringNextCharGet)
                  0000a980    0000002e               : radiobutton.obj (.text:RadioButtonMsgProc)
                  0000a9ae    0000002c               : pushbutton.obj (.text:CircularButtonMsgProc)
                  0000a9da    0000002c     driverlib.lib : gpio.obj (.text:GPIODirModeSet)
                  0000aa06    0000002c     grlib.lib : string.obj (.text:GrFontBaselineGet)
                  0000aa32    0000002c               : string.obj (.text:GrFontHeightGet)
                  0000aa5e    0000002c               : pushbutton.obj (.text:RectangularButtonMsgProc)
                  0000aa8a    0000002c               : slider.obj (.text:SliderMsgProc)
                  0000aab6    0000002c               : widget.obj (.text:WidgetIsInTree)
                  0000aae2    0000002a     ustdlib.obj (.text:ustrncpy)
                  0000ab0c    00000026     grlib.lib : string.obj (.text:GrFontInfoGet)
                  0000ab32    00000022               : string.obj (.text:GrFontGlyphDataGet)
                  0000ab54    00000020     driverlib.lib : sysctl.obj (.text:_SysCtlMemTimingGet)
                  0000ab74    00000020     ustdlib.obj (.text:usprintf)
                  0000ab94    0000001e     grlib.lib : string.obj (.text:GrFontCodepageGet)
                  0000abb2    0000001e               : widget.obj (.text:WidgetAdd)
                  0000abd0    0000001c               : widget.obj (.text:WidgetPointerMessage)
                  0000abec    0000001a     driverlib.lib : gpio.obj (.text:GPIOPinTypeGPIOOutput)
                  0000ac06    00000016                   : gpio.obj (.text:GPIOPinTypeSSI)
                  0000ac1c    00000016     grlib.lib : string.obj (.text:GrStringDraw)
                  0000ac32    00000016     Kentec320x240x16_ssd2119_spi.obj (.text:Kentec320x240x16_SSD2119ColorTranslate)
                  0000ac48    00000014     grlib.lib : canvas.obj (.text:CanvasMsgProc)
                  0000ac5c    00000014               : container.obj (.text:ContainerMsgProc)
                  0000ac70    00000014               : widget.obj (.text:WidgetMutexGet)
                  0000ac84    00000012     driverlib.lib : ssi.obj (.text:SSIDataGetNonBlocking)
                  0000ac96    00000012                   : timer.obj (.text:TimerLoadSet)
                  0000aca8    00000010                   : adc.obj (.text:ADCIntEnable)
                  0000acb8    00000010                   : fpu.obj (.text:FPUEnable)
                  0000acc8    00000010                   : fpu.obj (.text:FPULazyStackingEnable)
                  0000acd8    00000010                   : udma.obj (.text:uDMAEnable)
                  0000ace8    0000000e                   : adc.obj (.text:ADCSequenceEnable)
                  0000acf6    0000000e     grlib.lib : image.obj (.text:GrImageDraw)
                  0000ad04    0000000e     driverlib.lib : timer.obj (.text:TimerEnable)
                  0000ad12    0000000e     rtsv7M4_T_le_v4SPD16_eabi.lib : copy_decompress_none.c.obj (.text:decompress:none:__TI_decompress_none)
                  0000ad20    0000000c     touch.obj (.text:TouchScreenCallbackSet)
                  0000ad2c    0000000c     rtsv7M4_T_le_v4SPD16_eabi.lib : copy_zero_init.c.obj (.text:decompress:ZI:__TI_zero_init)
                  0000ad38    0000000c     driverlib.lib : udma.obj (.text:uDMAControlBaseSet)
                  0000ad44    0000000a                   : ssi.obj (.text:SSIDataPut)
                  0000ad4e    0000000a                   : ssi.obj (.text:SSIEnable)
                  0000ad58    00000008     grlib.lib : charmap.obj (.text:GrMapISO8859_1_Unicode)
                  0000ad60    00000008     driverlib.lib : ssi.obj (.text:SSIBusy)
                  0000ad68    00000006                   : gpio.obj (.text:GPIOPinWrite)
                  0000ad6e    00000006     grlib.lib : string.obj (.text:GrContextFontSet)
                  0000ad74    00000006     startup_ccs.obj (.text:ResetISR)
                  0000ad7a    00000006     driverlib.lib : sysctl.obj (.text:SysCtlDelay)
                  0000ad80    00000006     grlib.lib : widget.obj (.text:WidgetMutexPut)
                  0000ad86    00000004               : widget.obj (.text:WidgetDefaultMsgProc)
                  0000ad8a    00000004     rtsv7M4_T_le_v4SPD16_eabi.lib : pre_init.c.obj (.text:_system_pre_init)
                  0000ad8e    00000004                                   : exit.c.obj (.text:abort:abort)

.cinit     0    0000ad98    000004f8     
                  0000ad98    000004ce     (.cinit..data.load) [load image, compression = lzss]
                  0000b266    00000002     --HOLE-- [fill = 0]
                  0000b268    0000000c     (__TI_handler_table)
                  0000b274    00000004     --HOLE-- [fill = 0]
                  0000b278    00000008     (.cinit..bss.load) [load image, compression = zero_init]
                  0000b280    00000010     (__TI_cinit_table)

.init_array 
*          0    00000000    00000000     UNINITIALIZED

.data      0    20000000    000010d6     UNINITIALIZED
                  20000000    00000280     grlib_demo.obj (.data:g_psPushButtonIndicators)
                  20000280    00000228     grlib_demo.obj (.data:g_psSliders)
                  200004a8    00000200     grlib_demo.obj (.data:g_psPanels)
                  200006a8    000001e0     grlib_demo.obj (.data:g_psPushButtons)
                  20000888    00000180     grlib_demo.obj (.data:g_psRadioButtonIndicators)
                  20000a08    000000c0     grlib_demo.obj (.data:g_psCheckBoxIndicators)
                  20000ac8    000000c0     grlib_demo.obj (.data:g_psCheckBoxes)
                  20000b88    000000c0     grlib_demo.obj (.data:g_psRadioButtons1)
                  20000c48    000000c0     grlib_demo.obj (.data:g_psRadioButtons2)
                  20000d08    00000070     grlib_demo.obj (.data:g_psRadioContainers)
                  20000d78    00000050     grlib_demo.obj (.data:g_sNext)
                  20000dc8    00000050     grlib_demo.obj (.data:g_sPrevious)
                  20000e18    00000040     grlib_demo.obj (.data:g_sCanvas1)
                  20000e58    00000040     grlib_demo.obj (.data:g_sCanvas2)
                  20000e98    00000040     grlib_demo.obj (.data:g_sCanvas3)
                  20000ed8    00000040     grlib_demo.obj (.data:g_sIntroduction)
                  20000f18    00000040     grlib_demo.obj (.data:g_sPrimitives)
                  20000f58    00000040     grlib_demo.obj (.data:g_sSliderValueCanvas)
                  20000f98    00000040     grlib_demo.obj (.data:g_sTitle)
                  20000fd8    00000038     grlib_demo.obj (.data:g_sContainer1)
                  20001010    00000038     grlib_demo.obj (.data:g_sContainer2)
                  20001048    00000038     grlib_demo.obj (.data:g_sContainer3)
                  20001080    00000024     grlib_demo.obj (.data:g_pcPanei32Names)
                  200010a4    00000020     grlib.lib : widget.obj (.data:g_sRoot)
                  200010c4    0000000d               : widget.obj (.data)
                  200010d1    00000001     --HOLE--
                  200010d2    00000004     touch.obj (.data)

.bss       0    20001400    000005a0     UNINITIALIZED
                  20001400    00000400     (.common:psDMAControlTable)
                  20001800    00000140     grlib.lib : widget.obj (.bss:g_psMQ)
                  20001940    00000020               : image.obj (.bss:g_pui8Dictionary)
                  20001960    00000010     touch.obj (.bss:g_pi16Samples)
                  20001970    00000008     grlib_demo.obj (.bss:pcCanvasText$1)
                  20001978    00000008     grlib_demo.obj (.bss:pcSliderText$2)
                  20001980    00000008     touch.obj (.bss)
                  20001988    00000004     grlib.lib : context.obj (.bss)
                  2000198c    00000004     (.common:g_pi32ParmSet)
                  20001990    00000004     (.common:g_ui32ButtonState)
                  20001994    00000004     (.common:g_ui32Panel)
                  20001998    00000004     (.common:g_ui32SysClock)
                  2000199c    00000002     (.common:g_i16TouchX)
                  2000199e    00000002     (.common:g_i16TouchY)

.stack     0    200019a0    00000400     UNINITIALIZED
                  200019a0    00000004     rtsv7M4_T_le_v4SPD16_eabi.lib : boot_cortex_m.c.obj (.stack)
                  200019a4    000003fc     --HOLE--

__llvm_prf_cnts 
*          0    20000000    00000000     UNINITIALIZED

.binit     0    00000000    00000000     

MODULE SUMMARY

       Module                             code    ro data   rw data
       ------                             ----    -------   -------
    .\
       images.obj                         0       9022      0      
       grlib_demo.obj                     2324    378       5312   
       startup_ccs.obj                    12      512       0      
    +--+----------------------------------+-------+---------+---------+
       Total:                             2336    9912      5312   
                                                                   
    .\drivers\
       Kentec320x240x16_ssd2119_spi.obj   2824    40        0      
       touch.obj                          976     28        36     
    +--+----------------------------------+-------+---------+---------+
       Total:                             3800    68        36     
                                                                   
    .\utils\
       ustdlib.obj                        667     0         0      
    +--+----------------------------------+-------+---------+---------+
       Total:                             667     0         0      
                                                                   
    C:/ti/TivaWare_C_Series-2.2.0.295/driverlib/ccs/Debug/driverlib.lib
       sysctl.obj                         674     596       0      
       gpio.obj                           538     144       0      
       adc.obj                            230     0         0      
       timer.obj                          220     0         0      
       interrupt.obj                      104     20        0      
       ssi.obj                            106     0         0      
       fpu.obj                            32      0         0      
       udma.obj                           28      0         0      
    +--+----------------------------------+-------+---------+---------+
       Total:                             1932    760       0      
                                                                   
    C:/ti/TivaWare_C_Series-2.2.0.295/grlib/ccs/Debug/grlib.lib
       fontcm24.obj                       0       2856      0      
       fontcm22.obj                       0       2600      0      
       fontcm20.obj                       0       2598      0      
       fontcm18.obj                       0       2358      0      
       fontcm14.obj                       0       1826      0      
       image.obj                          1630    0         32     
       fontcm12.obj                       0       1575      0      
       string.obj                         1378    0         0      
       pushbutton.obj                     1290    0         0      
       slider.obj                         1238    0         0      
       widget.obj                         810     0         365    
       circle.obj                         846     0         0      
       checkbox.obj                       650     0         0      
       line.obj                           642     0         0      
       radiobutton.obj                    628     0         0      
       canvas.obj                         420     0         0      
       rectangle.obj                      402     0         0      
       container.obj                      360     0         0      
       context.obj                        206     16        4      
       charmap.obj                        8       0         0      
    +--+----------------------------------+-------+---------+---------+
       Total:                             10508   13829     401    
                                                                   
    C:\ti\ccs1220\ccs\tools\compiler\ti-cgt-arm_20.2.7.LTS\lib\rtsv7M4_T_le_v4SPD16_eabi.lib
       memcpy_t2.asm.obj                  156     0         0      
       memset_t2.asm.obj                  122     0         0      
       copy_decompress_lzss.c.obj         104     0         0      
       autoinit.c.obj                     68      0         0      
       u_divt2.asm.obj                    64      0         0      
       boot_cortex_m.c.obj                52      0         0      
       copy_decompress_none.c.obj         14      0         0      
       copy_zero_init.c.obj               12      0         0      
       exit.c.obj                         4       0         0      
       pre_init.c.obj                     4       0         0      
       div0.asm.obj                       2       0         0      
    +--+----------------------------------+-------+---------+---------+
       Total:                             602     0         0      
                                                                   
       Stack:                             0       0         1024   
       Linker Generated:                  0       1266      0      
    +--+----------------------------------+-------+---------+---------+
       Grand Total:                       19845   25835     6773   


LINKER GENERATED COPY TABLES

__TI_cinit_table @ 0000b280 records: 2, size/record: 8, table size: 16
	.data: load addr=0000ad98, load size=000004ce bytes, run addr=20000000, run size=000010d6 bytes, compression=lzss
	.bss: load addr=0000b278, load size=00000008 bytes, run addr=20001400, run size=000005a0 bytes, compression=zero_init


LINKER GENERATED HANDLER TABLE

__TI_handler_table @ 0000b268 records: 3, size/record: 4, table size: 12
	index: 0, handler: __TI_decompress_lzss
	index: 1, handler: __TI_decompress_none
	index: 2, handler: __TI_zero_init


GLOBAL SYMBOLS: SORTED ALPHABETICALLY BY Name 

address   name                          
-------   ----                          
0000aca9  ADCIntEnable                  
0000a4b1  ADCSequenceConfigure          
0000ace9  ADCSequenceEnable             
00009d41  ADCSequenceStepConfigure      
0000ad8f  C$$EXIT                       
0000ac49  CanvasMsgProc                 
0000a925  CheckBoxMsgProc               
0000a9af  CircularButtonMsgProc         
0000ac5d  ContainerMsgProc              
0000acb9  FPUEnable                     
0000acc9  FPULazyStackingEnable         
0000a9db  GPIODirModeSet                
000084c9  GPIOPadConfigSet              
0000a501  GPIOPinConfigure              
0000abed  GPIOPinTypeGPIOOutput         
0000ac07  GPIOPinTypeSSI                
0000ad69  GPIOPinWrite                  
00007503  GrCircleDraw                  
00008a37  GrCircleFill                  
0000a0b1  GrContextClipRegionSet        
0000ad6f  GrContextFontSet              
00009f11  GrContextInit                 
0000944d  GrDefaultStringRenderer       
0000aa07  GrFontBaselineGet             
0000ab95  GrFontCodepageGet             
0000ab33  GrFontGlyphDataGet            
00006e51  GrFontGlyphRender             
0000aa33  GrFontHeightGet               
0000ab0d  GrFontInfoGet                 
0000acf7  GrImageDraw                   
00008ee5  GrLineDraw                    
0000a6c5  GrLineDrawH                   
0000a70b  GrLineDrawV                   
0000ad59  GrMapISO8859_1_Unicode        
0000a117  GrRectDraw                    
00009c3d  GrRectFill                    
00009e35  GrRectIntersectGet            
0000a84d  GrRectOverlapCheck            
0000ac1d  GrStringDraw                  
0000a953  GrStringNextCharGet           
00009f79  GrStringWidthGet              
00009fe1  IntEnable                     
00005ffd  Kentec320x240x16_SSD2119Init  
0000a17d  OnButtonPress                 
00009bb5  OnCanvasPaint                 
0000a461  OnCheckChange                 
0000770d  OnIntroPaint                  
0000973d  OnNext                        
0000950d  OnPrevious                    
00007915  OnPrimitivePaint              
00009ea5  OnRadioChange                 
00009b29  OnSliderChange                
0000a981  RadioButtonMsgProc            
0000aa5f  RectangularButtonMsgProc      
0000ad75  ResetISR                      
0000ad61  SSIBusy                       
0000a811  SSIConfigSetExpClk            
0000ac85  SSIDataGetNonBlocking         
0000ad45  SSIDataPut                    
0000ad4f  SSIEnable                     
0000aa8b  SliderMsgProc                 
00007b15  SysCtlClockFreqSet            
0000ad7b  SysCtlDelay                   
0000a8bd  SysCtlPeripheralEnable        
0000a1e1  TimerConfigure                
0000a301  TimerControlTrigger           
0000ad05  TimerEnable                   
0000ac97  TimerLoadSet                  
0000ad21  TouchScreenCallbackSet        
00008dd1  TouchScreenInit               
00008b7d  TouchScreenIntHandler         
0000abb3  WidgetAdd                     
0000ad87  WidgetDefaultMsgProc          
000090dd  WidgetMessageQueueAdd         
0000a241  WidgetMessageQueueProcess     
000097f5  WidgetMessageSendPostOrder    
0000a2a1  WidgetMessageSendPreOrder     
0000ac71  WidgetMutexGet                
0000ad81  WidgetMutexPut                
0000abd1  WidgetPointerMessage          
0000a54d  WidgetRemove                  
20001da0  __STACK_END                   
00000400  __STACK_SIZE                  
20001da0  __STACK_TOP                   
0000b280  __TI_CINIT_Base               
0000b290  __TI_CINIT_Limit              
0000b268  __TI_Handler_Table_Base       
0000b274  __TI_Handler_Table_Limit      
0000a751  __TI_auto_init_nobinit_nopinit
0000a049  __TI_decompress_lzss          
0000ad13  __TI_decompress_none          
ffffffff  __TI_pprof_out_hndl           
ffffffff  __TI_prof_data_size           
ffffffff  __TI_prof_data_start          
00000000  __TI_static_base__            
0000ad2d  __TI_zero_init                
0000929f  __aeabi_idiv0                 
0000929f  __aeabi_ldiv0                 
00009dbb  __aeabi_memclr                
00009dbb  __aeabi_memclr4               
00009dbb  __aeabi_memclr8               
000099fd  __aeabi_memcpy                
000099fd  __aeabi_memcpy4               
000099fd  __aeabi_memcpy8               
00009dbd  __aeabi_memset                
00009dbd  __aeabi_memset4               
00009dbd  __aeabi_memset8               
0000a795  __aeabi_uidiv                 
0000a795  __aeabi_uidivmod              
ffffffff  __binit__                     
ffffffff  __c_args__                    
UNDEFED   __mpu_init                    
200019a0  __stack                       
20000000  __start___llvm_prf_cnts       
20000000  __stop___llvm_prf_cnts        
0000a8f1  _c_int00_noargs               
UNDEFED   _system_post_cinit            
0000ad8b  _system_pre_init              
0000ad8f  abort                         
ffffffff  binit                         
200010d2  g_i16TouchMin                 
2000199c  g_i16TouchX                   
2000199e  g_i16TouchY                   
20001080  g_pcPanei32Names              
00000000  g_pfnVectors                  
2000198c  g_pi32ParmSet                 
00005fb4  g_pi32TouchParameters         
20000a08  g_psCheckBoxIndicators        
20000ac8  g_psCheckBoxes                
00005fe4  g_psDefaultCodePointMapTable  
200004a8  g_psPanels                    
20000000  g_psPushButtonIndicators      
200006a8  g_psPushButtons               
20000888  g_psRadioButtonIndicators     
20000b88  g_psRadioButtons1             
20000c48  g_psRadioButtons2             
20000d08  g_psRadioContainers           
20000280  g_psSliders                   
0000508a  g_pui8Blue50x50               
0000529a  g_pui8Blue50x50Press          
000037ef  g_pui8GettingHotter28x148     
00004aad  g_pui8GettingHotter28x148Mono 
00002fc9  g_pui8GreenSlider195x37       
000057d2  g_pui8LightOff                
000058c7  g_pui8LightOn                 
00004e5a  g_pui8Logo                    
0000278c  g_pui8RedSlider195x37         
20000e18  g_sCanvas1                    
20000e58  g_sCanvas2                    
20000e98  g_sCanvas3                    
20000fd8  g_sContainer1                 
20001010  g_sContainer2                 
20001048  g_sContainer3                 
000059b0  g_sFontCm12                   
00005a78  g_sFontCm14                   
00005b40  g_sFontCm18                   
00005c08  g_sFontCm20                   
00005cd0  g_sFontCm22                   
00005d98  g_sFontCm24                   
20000ed8  g_sIntroduction               
00005f8c  g_sKentec320x240x16_SSD2119   
20000d78  g_sNext                       
20000dc8  g_sPrevious                   
20000f18  g_sPrimitives                 
200010a4  g_sRoot                       
20000f58  g_sSliderValueCanvas          
20000f98  g_sTitle                      
20001990  g_ui32ButtonState             
20001994  g_ui32Panel                   
20001998  g_ui32SysClock                
00008635  main                          
000099fd  memcpy                        
00009dc3  memset                        
20001400  psDMAControlTable             
0000ad39  uDMAControlBaseSet            
0000acd9  uDMAEnable                    
0000ab75  usprintf                      
0000aae3  ustrncpy                      
000070a5  uvsnprintf                    


GLOBAL SYMBOLS: SORTED BY Symbol Address 

address   name                          
-------   ----                          
00000000  __TI_static_base__            
00000000  g_pfnVectors                  
00000400  __STACK_SIZE                  
0000278c  g_pui8RedSlider195x37         
00002fc9  g_pui8GreenSlider195x37       
000037ef  g_pui8GettingHotter28x148     
00004aad  g_pui8GettingHotter28x148Mono 
00004e5a  g_pui8Logo                    
0000508a  g_pui8Blue50x50               
0000529a  g_pui8Blue50x50Press          
000057d2  g_pui8LightOff                
000058c7  g_pui8LightOn                 
000059b0  g_sFontCm12                   
00005a78  g_sFontCm14                   
00005b40  g_sFontCm18                   
00005c08  g_sFontCm20                   
00005cd0  g_sFontCm22                   
00005d98  g_sFontCm24                   
00005f8c  g_sKentec320x240x16_SSD2119   
00005fb4  g_pi32TouchParameters         
00005fe4  g_psDefaultCodePointMapTable  
00005ffd  Kentec320x240x16_SSD2119Init  
00006e51  GrFontGlyphRender             
000070a5  uvsnprintf                    
00007503  GrCircleDraw                  
0000770d  OnIntroPaint                  
00007915  OnPrimitivePaint              
00007b15  SysCtlClockFreqSet            
000084c9  GPIOPadConfigSet              
00008635  main                          
00008a37  GrCircleFill                  
00008b7d  TouchScreenIntHandler         
00008dd1  TouchScreenInit               
00008ee5  GrLineDraw                    
000090dd  WidgetMessageQueueAdd         
0000929f  __aeabi_idiv0                 
0000929f  __aeabi_ldiv0                 
0000944d  GrDefaultStringRenderer       
0000950d  OnPrevious                    
0000973d  OnNext                        
000097f5  WidgetMessageSendPostOrder    
000099fd  __aeabi_memcpy                
000099fd  __aeabi_memcpy4               
000099fd  __aeabi_memcpy8               
000099fd  memcpy                        
00009b29  OnSliderChange                
00009bb5  OnCanvasPaint                 
00009c3d  GrRectFill                    
00009d41  ADCSequenceStepConfigure      
00009dbb  __aeabi_memclr                
00009dbb  __aeabi_memclr4               
00009dbb  __aeabi_memclr8               
00009dbd  __aeabi_memset                
00009dbd  __aeabi_memset4               
00009dbd  __aeabi_memset8               
00009dc3  memset                        
00009e35  GrRectIntersectGet            
00009ea5  OnRadioChange                 
00009f11  GrContextInit                 
00009f79  GrStringWidthGet              
00009fe1  IntEnable                     
0000a049  __TI_decompress_lzss          
0000a0b1  GrContextClipRegionSet        
0000a117  GrRectDraw                    
0000a17d  OnButtonPress                 
0000a1e1  TimerConfigure                
0000a241  WidgetMessageQueueProcess     
0000a2a1  WidgetMessageSendPreOrder     
0000a301  TimerControlTrigger           
0000a461  OnCheckChange                 
0000a4b1  ADCSequenceConfigure          
0000a501  GPIOPinConfigure              
0000a54d  WidgetRemove                  
0000a6c5  GrLineDrawH                   
0000a70b  GrLineDrawV                   
0000a751  __TI_auto_init_nobinit_nopinit
0000a795  __aeabi_uidiv                 
0000a795  __aeabi_uidivmod              
0000a811  SSIConfigSetExpClk            
0000a84d  GrRectOverlapCheck            
0000a8bd  SysCtlPeripheralEnable        
0000a8f1  _c_int00_noargs               
0000a925  CheckBoxMsgProc               
0000a953  GrStringNextCharGet           
0000a981  RadioButtonMsgProc            
0000a9af  CircularButtonMsgProc         
0000a9db  GPIODirModeSet                
0000aa07  GrFontBaselineGet             
0000aa33  GrFontHeightGet               
0000aa5f  RectangularButtonMsgProc      
0000aa8b  SliderMsgProc                 
0000aae3  ustrncpy                      
0000ab0d  GrFontInfoGet                 
0000ab33  GrFontGlyphDataGet            
0000ab75  usprintf                      
0000ab95  GrFontCodepageGet             
0000abb3  WidgetAdd                     
0000abd1  WidgetPointerMessage          
0000abed  GPIOPinTypeGPIOOutput         
0000ac07  GPIOPinTypeSSI                
0000ac1d  GrStringDraw                  
0000ac49  CanvasMsgProc                 
0000ac5d  ContainerMsgProc              
0000ac71  WidgetMutexGet                
0000ac85  SSIDataGetNonBlocking         
0000ac97  TimerLoadSet                  
0000aca9  ADCIntEnable                  
0000acb9  FPUEnable                     
0000acc9  FPULazyStackingEnable         
0000acd9  uDMAEnable                    
0000ace9  ADCSequenceEnable             
0000acf7  GrImageDraw                   
0000ad05  TimerEnable                   
0000ad13  __TI_decompress_none          
0000ad21  TouchScreenCallbackSet        
0000ad2d  __TI_zero_init                
0000ad39  uDMAControlBaseSet            
0000ad45  SSIDataPut                    
0000ad4f  SSIEnable                     
0000ad59  GrMapISO8859_1_Unicode        
0000ad61  SSIBusy                       
0000ad69  GPIOPinWrite                  
0000ad6f  GrContextFontSet              
0000ad75  ResetISR                      
0000ad7b  SysCtlDelay                   
0000ad81  WidgetMutexPut                
0000ad87  WidgetDefaultMsgProc          
0000ad8b  _system_pre_init              
0000ad8f  C$$EXIT                       
0000ad8f  abort                         
0000b268  __TI_Handler_Table_Base       
0000b274  __TI_Handler_Table_Limit      
0000b280  __TI_CINIT_Base               
0000b290  __TI_CINIT_Limit              
20000000  __start___llvm_prf_cnts       
20000000  __stop___llvm_prf_cnts        
20000000  g_psPushButtonIndicators      
20000280  g_psSliders                   
200004a8  g_psPanels                    
200006a8  g_psPushButtons               
20000888  g_psRadioButtonIndicators     
20000a08  g_psCheckBoxIndicators        
20000ac8  g_psCheckBoxes                
20000b88  g_psRadioButtons1             
20000c48  g_psRadioButtons2             
20000d08  g_psRadioContainers           
20000d78  g_sNext                       
20000dc8  g_sPrevious                   
20000e18  g_sCanvas1                    
20000e58  g_sCanvas2                    
20000e98  g_sCanvas3                    
20000ed8  g_sIntroduction               
20000f18  g_sPrimitives                 
20000f58  g_sSliderValueCanvas          
20000f98  g_sTitle                      
20000fd8  g_sContainer1                 
20001010  g_sContainer2                 
20001048  g_sContainer3                 
20001080  g_pcPanei32Names              
200010a4  g_sRoot                       
200010d2  g_i16TouchMin                 
20001400  psDMAControlTable             
2000198c  g_pi32ParmSet                 
20001990  g_ui32ButtonState             
20001994  g_ui32Panel                   
20001998  g_ui32SysClock                
2000199c  g_i16TouchX                   
2000199e  g_i16TouchY                   
200019a0  __stack                       
20001da0  __STACK_END                   
20001da0  __STACK_TOP                   
ffffffff  __TI_pprof_out_hndl           
ffffffff  __TI_prof_data_size           
ffffffff  __TI_prof_data_start          
ffffffff  __binit__                     
ffffffff  __c_args__                    
ffffffff  binit                         
UNDEFED   __mpu_init                    
UNDEFED   _system_post_cinit            

[179 symbols]
