<?xml version="1.0" encoding="ISO-8859-1" ?>
<link_info>
   <banner>TI ARM Linker PC v20.2.7.LTS</banner>
   <copyright>Copyright (c) 1996-2018 Texas Instruments Incorporated</copyright>
   <link_time>0x641014af</link_time>
   <link_errors>0x0</link_errors>
   <output_file>grlib_demo.out</output_file>
   <entry_point>
      <name>_c_int00_noargs</name>
      <address>0xa8f1</address>
   </entry_point>
   <input_file_list>
      <input_file id="fl-2">
         <path>.\</path>
         <kind>object</kind>
         <file>grlib_demo.obj</file>
         <name>grlib_demo.obj</name>
      </input_file>
      <input_file id="fl-3">
         <path>.\</path>
         <kind>object</kind>
         <file>images.obj</file>
         <name>images.obj</name>
      </input_file>
      <input_file id="fl-4">
         <path>.\</path>
         <kind>object</kind>
         <file>startup_ccs.obj</file>
         <name>startup_ccs.obj</name>
      </input_file>
      <input_file id="fl-5">
         <path>.\drivers\</path>
         <kind>object</kind>
         <file>Kentec320x240x16_ssd2119_spi.obj</file>
         <name>Kentec320x240x16_ssd2119_spi.obj</name>
      </input_file>
      <input_file id="fl-6">
         <path>.\drivers\</path>
         <kind>object</kind>
         <file>touch.obj</file>
         <name>touch.obj</name>
      </input_file>
      <input_file id="fl-7">
         <path>.\utils\</path>
         <kind>object</kind>
         <file>ustdlib.obj</file>
         <name>ustdlib.obj</name>
      </input_file>
      <input_file id="fl-d">
         <kind>object</kind>
         <file>&lt;internal&gt;</file>
         <name>&lt;internal&gt;</name>
      </input_file>
      <input_file id="fl-e">
         <path>C:\ti\TivaWare_C_Series-2.2.0.295\driverlib\ccs\Debug\</path>
         <kind>archive</kind>
         <file>driverlib.lib</file>
         <name>adc.obj</name>
      </input_file>
      <input_file id="fl-f">
         <path>C:\ti\TivaWare_C_Series-2.2.0.295\driverlib\ccs\Debug\</path>
         <kind>archive</kind>
         <file>driverlib.lib</file>
         <name>fpu.obj</name>
      </input_file>
      <input_file id="fl-10">
         <path>C:\ti\TivaWare_C_Series-2.2.0.295\driverlib\ccs\Debug\</path>
         <kind>archive</kind>
         <file>driverlib.lib</file>
         <name>gpio.obj</name>
      </input_file>
      <input_file id="fl-11">
         <path>C:\ti\TivaWare_C_Series-2.2.0.295\driverlib\ccs\Debug\</path>
         <kind>archive</kind>
         <file>driverlib.lib</file>
         <name>interrupt.obj</name>
      </input_file>
      <input_file id="fl-12">
         <path>C:\ti\TivaWare_C_Series-2.2.0.295\driverlib\ccs\Debug\</path>
         <kind>archive</kind>
         <file>driverlib.lib</file>
         <name>ssi.obj</name>
      </input_file>
      <input_file id="fl-13">
         <path>C:\ti\TivaWare_C_Series-2.2.0.295\driverlib\ccs\Debug\</path>
         <kind>archive</kind>
         <file>driverlib.lib</file>
         <name>sysctl.obj</name>
      </input_file>
      <input_file id="fl-14">
         <path>C:\ti\TivaWare_C_Series-2.2.0.295\driverlib\ccs\Debug\</path>
         <kind>archive</kind>
         <file>driverlib.lib</file>
         <name>timer.obj</name>
      </input_file>
      <input_file id="fl-15">
         <path>C:\ti\TivaWare_C_Series-2.2.0.295\driverlib\ccs\Debug\</path>
         <kind>archive</kind>
         <file>driverlib.lib</file>
         <name>udma.obj</name>
      </input_file>
      <input_file id="fl-16">
         <path>C:\ti\TivaWare_C_Series-2.2.0.295\driverlib\ccs\Debug\</path>
         <kind>archive</kind>
         <file>driverlib.lib</file>
         <name>cpu.obj</name>
      </input_file>
      <input_file id="fl-17">
         <path>C:\ti\TivaWare_C_Series-2.2.0.295\grlib\ccs\Debug\</path>
         <kind>archive</kind>
         <file>grlib.lib</file>
         <name>canvas.obj</name>
      </input_file>
      <input_file id="fl-18">
         <path>C:\ti\TivaWare_C_Series-2.2.0.295\grlib\ccs\Debug\</path>
         <kind>archive</kind>
         <file>grlib.lib</file>
         <name>checkbox.obj</name>
      </input_file>
      <input_file id="fl-19">
         <path>C:\ti\TivaWare_C_Series-2.2.0.295\grlib\ccs\Debug\</path>
         <kind>archive</kind>
         <file>grlib.lib</file>
         <name>circle.obj</name>
      </input_file>
      <input_file id="fl-1a">
         <path>C:\ti\TivaWare_C_Series-2.2.0.295\grlib\ccs\Debug\</path>
         <kind>archive</kind>
         <file>grlib.lib</file>
         <name>container.obj</name>
      </input_file>
      <input_file id="fl-1b">
         <path>C:\ti\TivaWare_C_Series-2.2.0.295\grlib\ccs\Debug\</path>
         <kind>archive</kind>
         <file>grlib.lib</file>
         <name>context.obj</name>
      </input_file>
      <input_file id="fl-1c">
         <path>C:\ti\TivaWare_C_Series-2.2.0.295\grlib\ccs\Debug\</path>
         <kind>archive</kind>
         <file>grlib.lib</file>
         <name>image.obj</name>
      </input_file>
      <input_file id="fl-1d">
         <path>C:\ti\TivaWare_C_Series-2.2.0.295\grlib\ccs\Debug\</path>
         <kind>archive</kind>
         <file>grlib.lib</file>
         <name>line.obj</name>
      </input_file>
      <input_file id="fl-1e">
         <path>C:\ti\TivaWare_C_Series-2.2.0.295\grlib\ccs\Debug\</path>
         <kind>archive</kind>
         <file>grlib.lib</file>
         <name>pushbutton.obj</name>
      </input_file>
      <input_file id="fl-1f">
         <path>C:\ti\TivaWare_C_Series-2.2.0.295\grlib\ccs\Debug\</path>
         <kind>archive</kind>
         <file>grlib.lib</file>
         <name>radiobutton.obj</name>
      </input_file>
      <input_file id="fl-20">
         <path>C:\ti\TivaWare_C_Series-2.2.0.295\grlib\ccs\Debug\</path>
         <kind>archive</kind>
         <file>grlib.lib</file>
         <name>rectangle.obj</name>
      </input_file>
      <input_file id="fl-21">
         <path>C:\ti\TivaWare_C_Series-2.2.0.295\grlib\ccs\Debug\</path>
         <kind>archive</kind>
         <file>grlib.lib</file>
         <name>slider.obj</name>
      </input_file>
      <input_file id="fl-22">
         <path>C:\ti\TivaWare_C_Series-2.2.0.295\grlib\ccs\Debug\</path>
         <kind>archive</kind>
         <file>grlib.lib</file>
         <name>string.obj</name>
      </input_file>
      <input_file id="fl-23">
         <path>C:\ti\TivaWare_C_Series-2.2.0.295\grlib\ccs\Debug\</path>
         <kind>archive</kind>
         <file>grlib.lib</file>
         <name>widget.obj</name>
      </input_file>
      <input_file id="fl-24">
         <path>C:\ti\TivaWare_C_Series-2.2.0.295\grlib\ccs\Debug\</path>
         <kind>archive</kind>
         <file>grlib.lib</file>
         <name>fontcm12.obj</name>
      </input_file>
      <input_file id="fl-25">
         <path>C:\ti\TivaWare_C_Series-2.2.0.295\grlib\ccs\Debug\</path>
         <kind>archive</kind>
         <file>grlib.lib</file>
         <name>fontcm14.obj</name>
      </input_file>
      <input_file id="fl-26">
         <path>C:\ti\TivaWare_C_Series-2.2.0.295\grlib\ccs\Debug\</path>
         <kind>archive</kind>
         <file>grlib.lib</file>
         <name>fontcm18.obj</name>
      </input_file>
      <input_file id="fl-27">
         <path>C:\ti\TivaWare_C_Series-2.2.0.295\grlib\ccs\Debug\</path>
         <kind>archive</kind>
         <file>grlib.lib</file>
         <name>fontcm20.obj</name>
      </input_file>
      <input_file id="fl-28">
         <path>C:\ti\TivaWare_C_Series-2.2.0.295\grlib\ccs\Debug\</path>
         <kind>archive</kind>
         <file>grlib.lib</file>
         <name>fontcm22.obj</name>
      </input_file>
      <input_file id="fl-29">
         <path>C:\ti\TivaWare_C_Series-2.2.0.295\grlib\ccs\Debug\</path>
         <kind>archive</kind>
         <file>grlib.lib</file>
         <name>fontcm24.obj</name>
      </input_file>
      <input_file id="fl-2a">
         <path>C:\ti\TivaWare_C_Series-2.2.0.295\grlib\ccs\Debug\</path>
         <kind>archive</kind>
         <file>grlib.lib</file>
         <name>charmap.obj</name>
      </input_file>
      <input_file id="fl-e0">
         <path>C:\ti\ccs1220\ccs\tools\compiler\ti-cgt-arm_20.2.7.LTS\lib\</path>
         <kind>archive</kind>
         <file>rtsv7M4_T_le_v4SPD16_eabi.lib</file>
         <name>u_divt2.asm.obj</name>
      </input_file>
      <input_file id="fl-e1">
         <path>C:\ti\ccs1220\ccs\tools\compiler\ti-cgt-arm_20.2.7.LTS\lib\</path>
         <kind>archive</kind>
         <file>rtsv7M4_T_le_v4SPD16_eabi.lib</file>
         <name>copy_zero_init.c.obj</name>
      </input_file>
      <input_file id="fl-e2">
         <path>C:\ti\ccs1220\ccs\tools\compiler\ti-cgt-arm_20.2.7.LTS\lib\</path>
         <kind>archive</kind>
         <file>rtsv7M4_T_le_v4SPD16_eabi.lib</file>
         <name>copy_decompress_none.c.obj</name>
      </input_file>
      <input_file id="fl-e3">
         <path>C:\ti\ccs1220\ccs\tools\compiler\ti-cgt-arm_20.2.7.LTS\lib\</path>
         <kind>archive</kind>
         <file>rtsv7M4_T_le_v4SPD16_eabi.lib</file>
         <name>copy_decompress_lzss.c.obj</name>
      </input_file>
      <input_file id="fl-e4">
         <path>C:\ti\ccs1220\ccs\tools\compiler\ti-cgt-arm_20.2.7.LTS\lib\</path>
         <kind>archive</kind>
         <file>rtsv7M4_T_le_v4SPD16_eabi.lib</file>
         <name>boot_cortex_m.c.obj</name>
      </input_file>
      <input_file id="fl-e5">
         <path>C:\ti\ccs1220\ccs\tools\compiler\ti-cgt-arm_20.2.7.LTS\lib\</path>
         <kind>archive</kind>
         <file>rtsv7M4_T_le_v4SPD16_eabi.lib</file>
         <name>div0.asm.obj</name>
      </input_file>
      <input_file id="fl-e6">
         <path>C:\ti\ccs1220\ccs\tools\compiler\ti-cgt-arm_20.2.7.LTS\lib\</path>
         <kind>archive</kind>
         <file>rtsv7M4_T_le_v4SPD16_eabi.lib</file>
         <name>memcpy_t2.asm.obj</name>
      </input_file>
      <input_file id="fl-e7">
         <path>C:\ti\ccs1220\ccs\tools\compiler\ti-cgt-arm_20.2.7.LTS\lib\</path>
         <kind>archive</kind>
         <file>rtsv7M4_T_le_v4SPD16_eabi.lib</file>
         <name>memset_t2.asm.obj</name>
      </input_file>
      <input_file id="fl-e8">
         <path>C:\ti\ccs1220\ccs\tools\compiler\ti-cgt-arm_20.2.7.LTS\lib\</path>
         <kind>archive</kind>
         <file>rtsv7M4_T_le_v4SPD16_eabi.lib</file>
         <name>autoinit.c.obj</name>
      </input_file>
      <input_file id="fl-e9">
         <path>C:\ti\ccs1220\ccs\tools\compiler\ti-cgt-arm_20.2.7.LTS\lib\</path>
         <kind>archive</kind>
         <file>rtsv7M4_T_le_v4SPD16_eabi.lib</file>
         <name>pre_init.c.obj</name>
      </input_file>
      <input_file id="fl-ea">
         <path>C:\ti\ccs1220\ccs\tools\compiler\ti-cgt-arm_20.2.7.LTS\lib\</path>
         <kind>archive</kind>
         <file>rtsv7M4_T_le_v4SPD16_eabi.lib</file>
         <name>cpy_tbl.c.obj</name>
      </input_file>
      <input_file id="fl-eb">
         <path>C:\ti\ccs1220\ccs\tools\compiler\ti-cgt-arm_20.2.7.LTS\lib\</path>
         <kind>archive</kind>
         <file>rtsv7M4_T_le_v4SPD16_eabi.lib</file>
         <name>exit.c.obj</name>
      </input_file>
      <input_file id="fl-ec">
         <path>C:\ti\ccs1220\ccs\tools\compiler\ti-cgt-arm_20.2.7.LTS\lib\</path>
         <kind>archive</kind>
         <file>rtsv7M4_T_le_v4SPD16_eabi.lib</file>
         <name>_lock.c.obj</name>
      </input_file>
      <input_file id="fl-ed">
         <path>C:\ti\ccs1220\ccs\tools\compiler\ti-cgt-arm_20.2.7.LTS\lib\</path>
         <kind>archive</kind>
         <file>rtsv7M4_T_le_v4SPD16_eabi.lib</file>
         <name>args_main.c.obj</name>
      </input_file>
   </input_file_list>
   <object_component_list>
      <object_component id="oc-13">
         <name>.intvecs</name>
         <load_address>0x0</load_address>
         <run_address>0x0</run_address>
         <size>0x200</size>
         <input_file_ref idref="fl-4"/>
      </object_component>
      <object_component id="oc-11d">
         <name>.text:Kentec320x240x16_SSD2119Init</name>
         <load_address>0x5ffc</load_address>
         <run_address>0x5ffc</run_address>
         <size>0x53a</size>
         <input_file_ref idref="fl-5"/>
      </object_component>
      <object_component id="oc-34">
         <name>.text:FaultISR</name>
         <load_address>0x6536</load_address>
         <run_address>0x6536</run_address>
         <size>0x2</size>
         <input_file_ref idref="fl-4"/>
      </object_component>
      <object_component id="oc-5f2">
         <name>.text:InternalImageDraw</name>
         <load_address>0x6538</load_address>
         <run_address>0x6538</run_address>
         <size>0x374</size>
         <input_file_ref idref="fl-1c"/>
      </object_component>
      <object_component id="oc-673">
         <name>.text:PixelTransparentDraw</name>
         <load_address>0x68ac</load_address>
         <run_address>0x68ac</run_address>
         <size>0x2dc</size>
         <input_file_ref idref="fl-1c"/>
      </object_component>
      <object_component id="oc-5b7">
         <name>.text:SliderPaint</name>
         <load_address>0x6b88</load_address>
         <run_address>0x6b88</run_address>
         <size>0x2c8</size>
         <input_file_ref idref="fl-21"/>
      </object_component>
      <object_component id="oc-3da">
         <name>.text:GrFontGlyphRender</name>
         <load_address>0x6e50</load_address>
         <run_address>0x6e50</run_address>
         <size>0x252</size>
         <input_file_ref idref="fl-22"/>
      </object_component>
      <object_component id="oc-3a">
         <name>.text:IntDefaultHandler</name>
         <load_address>0x70a2</load_address>
         <run_address>0x70a2</run_address>
         <size>0x2</size>
         <input_file_ref idref="fl-4"/>
      </object_component>
      <object_component id="oc-662">
         <name>.text:uvsnprintf</name>
         <load_address>0x70a4</load_address>
         <run_address>0x70a4</run_address>
         <size>0x251</size>
         <input_file_ref idref="fl-7"/>
      </object_component>
      <object_component id="oc-56d">
         <name>.text:CheckBoxPaint</name>
         <load_address>0x72f6</load_address>
         <run_address>0x72f6</run_address>
         <size>0x20c</size>
         <input_file_ref idref="fl-18"/>
      </object_component>
      <object_component id="oc-555">
         <name>.text:GrCircleDraw</name>
         <load_address>0x7502</load_address>
         <run_address>0x7502</run_address>
         <size>0x20a</size>
         <input_file_ref idref="fl-19"/>
      </object_component>
      <object_component id="oc-470">
         <name>.text:OnIntroPaint</name>
         <load_address>0x770c</load_address>
         <run_address>0x770c</run_address>
         <size>0x208</size>
         <input_file_ref idref="fl-2"/>
      </object_component>
      <object_component id="oc-478">
         <name>.text:OnPrimitivePaint</name>
         <load_address>0x7914</load_address>
         <run_address>0x7914</run_address>
         <size>0x200</size>
         <input_file_ref idref="fl-2"/>
      </object_component>
      <object_component id="oc-117">
         <name>.text:SysCtlClockFreqSet</name>
         <load_address>0x7b14</load_address>
         <run_address>0x7b14</run_address>
         <size>0x200</size>
         <input_file_ref idref="fl-13"/>
      </object_component>
      <object_component id="oc-636">
         <name>.text:RadioButtonPaint</name>
         <load_address>0x7d14</load_address>
         <run_address>0x7d14</run_address>
         <size>0x1b6</size>
         <input_file_ref idref="fl-1f"/>
      </object_component>
      <object_component id="oc-468">
         <name>.text:CanvasPaint</name>
         <load_address>0x7eca</load_address>
         <run_address>0x7eca</run_address>
         <size>0x190</size>
         <input_file_ref idref="fl-17"/>
      </object_component>
      <object_component id="oc-315">
         <name>.text:Kentec320x240x16_SSD2119Flush</name>
         <load_address>0x805a</load_address>
         <run_address>0x805a</run_address>
         <size>0x2</size>
         <input_file_ref idref="fl-5"/>
      </object_component>
      <object_component id="oc-8a">
         <name>.text:TouchScreenDebouncer</name>
         <load_address>0x805c</load_address>
         <run_address>0x805c</run_address>
         <size>0x180</size>
         <input_file_ref idref="fl-6"/>
      </object_component>
      <object_component id="oc-44e">
         <name>.text:RectangularButtonPaint</name>
         <load_address>0x81dc</load_address>
         <run_address>0x81dc</run_address>
         <size>0x17e</size>
         <input_file_ref idref="fl-1e"/>
      </object_component>
      <object_component id="oc-595">
         <name>.text:CircularButtonPaint</name>
         <load_address>0x835a</load_address>
         <run_address>0x835a</run_address>
         <size>0x16e</size>
         <input_file_ref idref="fl-1e"/>
      </object_component>
      <object_component id="oc-41c">
         <name>.text:GPIOPadConfigSet</name>
         <load_address>0x84c8</load_address>
         <run_address>0x84c8</run_address>
         <size>0x16c</size>
         <input_file_ref idref="fl-10"/>
      </object_component>
      <object_component id="oc-c5">
         <name>.text:main</name>
         <load_address>0x8634</load_address>
         <run_address>0x8634</run_address>
         <size>0x164</size>
         <input_file_ref idref="fl-2"/>
      </object_component>
      <object_component id="oc-58b">
         <name>.text:ContainerPaint</name>
         <load_address>0x8798</load_address>
         <run_address>0x8798</run_address>
         <size>0x154</size>
         <input_file_ref idref="fl-1a"/>
      </object_component>
      <object_component id="oc-2f7">
         <name>.text:Kentec320x240x16_SSD2119PixelDrawMultiple</name>
         <load_address>0x88ec</load_address>
         <run_address>0x88ec</run_address>
         <size>0x14a</size>
         <input_file_ref idref="fl-5"/>
      </object_component>
      <object_component id="oc-54f">
         <name>.text:GrCircleFill</name>
         <load_address>0x8a36</load_address>
         <run_address>0x8a36</run_address>
         <size>0x144</size>
         <input_file_ref idref="fl-19"/>
      </object_component>
      <object_component id="oc-2e">
         <name>.text:NmiSR</name>
         <load_address>0x8b7a</load_address>
         <run_address>0x8b7a</run_address>
         <size>0x2</size>
         <input_file_ref idref="fl-4"/>
      </object_component>
      <object_component id="oc-40">
         <name>.text:TouchScreenIntHandler</name>
         <load_address>0x8b7c</load_address>
         <run_address>0x8b7c</run_address>
         <size>0x130</size>
         <input_file_ref idref="fl-6"/>
      </object_component>
      <object_component id="oc-309">
         <name>.text:Kentec320x240x16_SSD2119RectFill</name>
         <load_address>0x8cac</load_address>
         <run_address>0x8cac</run_address>
         <size>0x124</size>
         <input_file_ref idref="fl-5"/>
      </object_component>
      <object_component id="oc-160">
         <name>.text:TouchScreenInit</name>
         <load_address>0x8dd0</load_address>
         <run_address>0x8dd0</run_address>
         <size>0x114</size>
         <input_file_ref idref="fl-6"/>
      </object_component>
      <object_component id="oc-549">
         <name>.text:GrLineDraw</name>
         <load_address>0x8ee4</load_address>
         <run_address>0x8ee4</run_address>
         <size>0x106</size>
         <input_file_ref idref="fl-1d"/>
      </object_component>
      <object_component id="oc-454">
         <name>.text:RectangularButtonClick</name>
         <load_address>0x8fea</load_address>
         <run_address>0x8fea</run_address>
         <size>0xf2</size>
         <input_file_ref idref="fl-1e"/>
      </object_component>
      <object_component id="oc-172">
         <name>.text:WidgetMessageQueueAdd</name>
         <load_address>0x90dc</load_address>
         <run_address>0x90dc</run_address>
         <size>0xe8</size>
         <input_file_ref idref="fl-23"/>
      </object_component>
      <object_component id="oc-5bd">
         <name>.text:SliderClick</name>
         <load_address>0x91c4</load_address>
         <run_address>0x91c4</run_address>
         <size>0xda</size>
         <input_file_ref idref="fl-21"/>
      </object_component>
      <object_component id="oc-6c5">
         <name>.text</name>
         <load_address>0x929e</load_address>
         <run_address>0x929e</run_address>
         <size>0x2</size>
         <input_file_ref idref="fl-e5"/>
      </object_component>
      <object_component id="oc-2fd">
         <name>.text:Kentec320x240x16_SSD2119LineDrawH</name>
         <load_address>0x92a0</load_address>
         <run_address>0x92a0</run_address>
         <size>0xd8</size>
         <input_file_ref idref="fl-5"/>
      </object_component>
      <object_component id="oc-59b">
         <name>.text:CircularButtonClick</name>
         <load_address>0x9378</load_address>
         <run_address>0x9378</run_address>
         <size>0xd4</size>
         <input_file_ref idref="fl-1e"/>
      </object_component>
      <object_component id="oc-252">
         <name>.text:GrDefaultStringRenderer</name>
         <load_address>0x944c</load_address>
         <run_address>0x944c</run_address>
         <size>0xc0</size>
         <input_file_ref idref="fl-22"/>
      </object_component>
      <object_component id="oc-33e">
         <name>.text:OnPrevious</name>
         <load_address>0x950c</load_address>
         <run_address>0x950c</run_address>
         <size>0xbc</size>
         <input_file_ref idref="fl-2"/>
      </object_component>
      <object_component id="oc-5fb">
         <name>.text:GrLineClip</name>
         <load_address>0x95c8</load_address>
         <run_address>0x95c8</run_address>
         <size>0xba</size>
         <input_file_ref idref="fl-1d"/>
      </object_component>
      <object_component id="oc-22c">
         <name>.text:InitSPILCDInterface</name>
         <load_address>0x9684</load_address>
         <run_address>0x9684</run_address>
         <size>0xb8</size>
         <input_file_ref idref="fl-5"/>
      </object_component>
      <object_component id="oc-34e">
         <name>.text:OnNext</name>
         <load_address>0x973c</load_address>
         <run_address>0x973c</run_address>
         <size>0xb8</size>
         <input_file_ref idref="fl-2"/>
      </object_component>
      <object_component id="oc-2ea">
         <name>.text:WidgetMessageSendPostOrder</name>
         <load_address>0x97f4</load_address>
         <run_address>0x97f4</run_address>
         <size>0xb4</size>
         <input_file_ref idref="fl-23"/>
      </object_component>
      <object_component id="oc-64d">
         <name>.text:SliderValueToPosition</name>
         <load_address>0x98a8</load_address>
         <run_address>0x98a8</run_address>
         <size>0xb0</size>
         <input_file_ref idref="fl-21"/>
      </object_component>
      <object_component id="oc-303">
         <name>.text:Kentec320x240x16_SSD2119LineDrawV</name>
         <load_address>0x9958</load_address>
         <run_address>0x9958</run_address>
         <size>0xa4</size>
         <input_file_ref idref="fl-5"/>
      </object_component>
      <object_component id="oc-54">
         <name>.text</name>
         <load_address>0x99fc</load_address>
         <run_address>0x99fc</run_address>
         <size>0x9c</size>
         <input_file_ref idref="fl-e6"/>
      </object_component>
      <object_component id="oc-63c">
         <name>.text:RadioButtonClick</name>
         <load_address>0x9a98</load_address>
         <run_address>0x9a98</run_address>
         <size>0x90</size>
         <input_file_ref idref="fl-1f"/>
      </object_component>
      <object_component id="oc-4c6">
         <name>.text:OnSliderChange</name>
         <load_address>0x9b28</load_address>
         <run_address>0x9b28</run_address>
         <size>0x8c</size>
         <input_file_ref idref="fl-2"/>
      </object_component>
      <object_component id="oc-611">
         <name>.text:OnCanvasPaint</name>
         <load_address>0x9bb4</load_address>
         <run_address>0x9bb4</run_address>
         <size>0x88</size>
         <input_file_ref idref="fl-2"/>
      </object_component>
      <object_component id="oc-129">
         <name>.text:GrRectFill</name>
         <load_address>0x9c3c</load_address>
         <run_address>0x9c3c</run_address>
         <size>0x86</size>
         <input_file_ref idref="fl-20"/>
      </object_component>
      <object_component id="oc-2f1">
         <name>.text:Kentec320x240x16_SSD2119PixelDraw</name>
         <load_address>0x9cc4</load_address>
         <run_address>0x9cc4</run_address>
         <size>0x7c</size>
         <input_file_ref idref="fl-5"/>
      </object_component>
      <object_component id="oc-29b">
         <name>.text:ADCSequenceStepConfigure</name>
         <load_address>0x9d40</load_address>
         <run_address>0x9d40</run_address>
         <size>0x7a</size>
         <input_file_ref idref="fl-e"/>
      </object_component>
      <object_component id="oc-b9">
         <name>.text</name>
         <load_address>0x9dba</load_address>
         <run_address>0x9dba</run_address>
         <size>0x7a</size>
         <input_file_ref idref="fl-e7"/>
      </object_component>
      <object_component id="oc-647">
         <name>.text:GrRectIntersectGet</name>
         <load_address>0x9e34</load_address>
         <run_address>0x9e34</run_address>
         <size>0x6e</size>
         <input_file_ref idref="fl-20"/>
      </object_component>
      <object_component id="oc-5aa">
         <name>.text:OnRadioChange</name>
         <load_address>0x9ea4</load_address>
         <run_address>0x9ea4</run_address>
         <size>0x6c</size>
         <input_file_ref idref="fl-2"/>
      </object_component>
      <object_component id="oc-123">
         <name>.text:GrContextInit</name>
         <load_address>0x9f10</load_address>
         <run_address>0x9f10</run_address>
         <size>0x68</size>
         <input_file_ref idref="fl-1b"/>
      </object_component>
      <object_component id="oc-13b">
         <name>.text:GrStringWidthGet</name>
         <load_address>0x9f78</load_address>
         <run_address>0x9f78</run_address>
         <size>0x68</size>
         <input_file_ref idref="fl-22"/>
      </object_component>
      <object_component id="oc-2ad">
         <name>.text:IntEnable</name>
         <load_address>0x9fe0</load_address>
         <run_address>0x9fe0</run_address>
         <size>0x68</size>
         <input_file_ref idref="fl-11"/>
      </object_component>
      <object_component id="oc-16">
         <name>.text:decompress:lzss:__TI_decompress_lzss</name>
         <load_address>0xa048</load_address>
         <run_address>0xa048</run_address>
         <size>0x68</size>
         <input_file_ref idref="fl-e3"/>
      </object_component>
      <object_component id="oc-529">
         <name>.text:GrContextClipRegionSet</name>
         <load_address>0xa0b0</load_address>
         <run_address>0xa0b0</run_address>
         <size>0x66</size>
         <input_file_ref idref="fl-1b"/>
      </object_component>
      <object_component id="oc-12f">
         <name>.text:GrRectDraw</name>
         <load_address>0xa116</load_address>
         <run_address>0xa116</run_address>
         <size>0x66</size>
         <input_file_ref idref="fl-20"/>
      </object_component>
      <object_component id="oc-4a7">
         <name>.text:OnButtonPress</name>
         <load_address>0xa17c</load_address>
         <run_address>0xa17c</run_address>
         <size>0x64</size>
         <input_file_ref idref="fl-2"/>
      </object_component>
      <object_component id="oc-2b9">
         <name>.text:TimerConfigure</name>
         <load_address>0xa1e0</load_address>
         <run_address>0xa1e0</run_address>
         <size>0x60</size>
         <input_file_ref idref="fl-14"/>
      </object_component>
      <object_component id="oc-178">
         <name>.text:WidgetMessageQueueProcess</name>
         <load_address>0xa240</load_address>
         <run_address>0xa240</run_address>
         <size>0x60</size>
         <input_file_ref idref="fl-23"/>
      </object_component>
      <object_component id="oc-2e4">
         <name>.text:WidgetMessageSendPreOrder</name>
         <load_address>0xa2a0</load_address>
         <run_address>0xa2a0</run_address>
         <size>0x5e</size>
         <input_file_ref idref="fl-23"/>
      </object_component>
      <object_component id="oc-2c5">
         <name>.text:TimerControlTrigger</name>
         <load_address>0xa300</load_address>
         <run_address>0xa300</run_address>
         <size>0x5c</size>
         <input_file_ref idref="fl-14"/>
      </object_component>
      <object_component id="oc-3fd">
         <name>.text:FontWideGlyphDataGet</name>
         <load_address>0xa35c</load_address>
         <run_address>0xa35c</run_address>
         <size>0x5a</size>
         <input_file_ref idref="fl-22"/>
      </object_component>
      <object_component id="oc-654">
         <name>.text:SliderPositionToValue</name>
         <load_address>0xa3b6</load_address>
         <run_address>0xa3b6</run_address>
         <size>0x58</size>
         <input_file_ref idref="fl-21"/>
      </object_component>
      <object_component id="oc-573">
         <name>.text:CheckBoxClick</name>
         <load_address>0xa40e</load_address>
         <run_address>0xa40e</run_address>
         <size>0x50</size>
         <input_file_ref idref="fl-18"/>
      </object_component>
      <object_component id="oc-48e">
         <name>.text:OnCheckChange</name>
         <load_address>0xa460</load_address>
         <run_address>0xa460</run_address>
         <size>0x50</size>
         <input_file_ref idref="fl-2"/>
      </object_component>
      <object_component id="oc-295">
         <name>.text:ADCSequenceConfigure</name>
         <load_address>0xa4b0</load_address>
         <run_address>0xa4b0</run_address>
         <size>0x4e</size>
         <input_file_ref idref="fl-e"/>
      </object_component>
      <object_component id="oc-3b2">
         <name>.text:GPIOPinConfigure</name>
         <load_address>0xa500</load_address>
         <run_address>0xa500</run_address>
         <size>0x4c</size>
         <input_file_ref idref="fl-10"/>
      </object_component>
      <object_component id="oc-461">
         <name>.text:WidgetRemove</name>
         <load_address>0xa54c</load_address>
         <run_address>0xa54c</run_address>
         <size>0x4c</size>
         <input_file_ref idref="fl-23"/>
      </object_component>
      <object_component id="oc-238">
         <name>.text:WriteCommandSPI</name>
         <load_address>0xa598</load_address>
         <run_address>0xa598</run_address>
         <size>0x4c</size>
         <input_file_ref idref="fl-5"/>
      </object_component>
      <object_component id="oc-23e">
         <name>.text:WriteDataSPI</name>
         <load_address>0xa5e4</load_address>
         <run_address>0xa5e4</run_address>
         <size>0x4c</size>
         <input_file_ref idref="fl-5"/>
      </object_component>
      <object_component id="oc-274">
         <name>.text:UpdateContextCharMapping</name>
         <load_address>0xa630</load_address>
         <run_address>0xa630</run_address>
         <size>0x4a</size>
         <input_file_ref idref="fl-22"/>
      </object_component>
      <object_component id="oc-216">
         <name>.text:_SysCtlFrequencyGet</name>
         <load_address>0xa67c</load_address>
         <run_address>0xa67c</run_address>
         <size>0x48</size>
         <input_file_ref idref="fl-13"/>
      </object_component>
      <object_component id="oc-267">
         <name>.text:GrLineDrawH</name>
         <load_address>0xa6c4</load_address>
         <run_address>0xa6c4</run_address>
         <size>0x46</size>
         <input_file_ref idref="fl-1d"/>
      </object_component>
      <object_component id="oc-26d">
         <name>.text:GrLineDrawV</name>
         <load_address>0xa70a</load_address>
         <run_address>0xa70a</run_address>
         <size>0x46</size>
         <input_file_ref idref="fl-1d"/>
      </object_component>
      <object_component id="oc-1ac">
         <name>.text:__TI_auto_init_nobinit_nopinit:__TI_auto_init_nobinit_nopinit</name>
         <load_address>0xa750</load_address>
         <run_address>0xa750</run_address>
         <size>0x44</size>
         <input_file_ref idref="fl-e8"/>
      </object_component>
      <object_component id="oc-6ac">
         <name>.text</name>
         <load_address>0xa794</load_address>
         <run_address>0xa794</run_address>
         <size>0x40</size>
         <input_file_ref idref="fl-e0"/>
      </object_component>
      <object_component id="oc-403">
         <name>.text:FontGlyphDataGet</name>
         <load_address>0xa7d4</load_address>
         <run_address>0xa7d4</run_address>
         <size>0x3c</size>
         <input_file_ref idref="fl-22"/>
      </object_component>
      <object_component id="oc-3be">
         <name>.text:SSIConfigSetExpClk</name>
         <load_address>0xa810</load_address>
         <run_address>0xa810</run_address>
         <size>0x3c</size>
         <input_file_ref idref="fl-12"/>
      </object_component>
      <object_component id="oc-69d">
         <name>.text:GrRectOverlapCheck</name>
         <load_address>0xa84c</load_address>
         <run_address>0xa84c</run_address>
         <size>0x38</size>
         <input_file_ref idref="fl-20"/>
      </object_component>
      <object_component id="oc-67f">
         <name>.text:GrClipCodeGet</name>
         <load_address>0xa884</load_address>
         <run_address>0xa884</run_address>
         <size>0x36</size>
         <input_file_ref idref="fl-1d"/>
      </object_component>
      <object_component id="oc-14d">
         <name>.text:SysCtlPeripheralEnable</name>
         <load_address>0xa8bc</load_address>
         <run_address>0xa8bc</run_address>
         <size>0x34</size>
         <input_file_ref idref="fl-13"/>
      </object_component>
      <object_component id="oc-72">
         <name>.text:_c_int00_noargs:_c_int00_noargs</name>
         <load_address>0xa8f0</load_address>
         <run_address>0xa8f0</run_address>
         <size>0x34</size>
         <input_file_ref idref="fl-e4"/>
      </object_component>
      <object_component id="oc-488">
         <name>.text:CheckBoxMsgProc</name>
         <load_address>0xa924</load_address>
         <run_address>0xa924</run_address>
         <size>0x2e</size>
         <input_file_ref idref="fl-18"/>
      </object_component>
      <object_component id="oc-27c">
         <name>.text:GrStringNextCharGet</name>
         <load_address>0xa952</load_address>
         <run_address>0xa952</run_address>
         <size>0x2e</size>
         <input_file_ref idref="fl-22"/>
      </object_component>
      <object_component id="oc-5a4">
         <name>.text:RadioButtonMsgProc</name>
         <load_address>0xa980</load_address>
         <run_address>0xa980</run_address>
         <size>0x2e</size>
         <input_file_ref idref="fl-1f"/>
      </object_component>
      <object_component id="oc-4ad">
         <name>.text:CircularButtonMsgProc</name>
         <load_address>0xa9ae</load_address>
         <run_address>0xa9ae</run_address>
         <size>0x2c</size>
         <input_file_ref idref="fl-1e"/>
      </object_component>
      <object_component id="oc-422">
         <name>.text:GPIODirModeSet</name>
         <load_address>0xa9da</load_address>
         <run_address>0xa9da</run_address>
         <size>0x2c</size>
         <input_file_ref idref="fl-10"/>
      </object_component>
      <object_component id="oc-141">
         <name>.text:GrFontBaselineGet</name>
         <load_address>0xaa06</load_address>
         <run_address>0xaa06</run_address>
         <size>0x2c</size>
         <input_file_ref idref="fl-22"/>
      </object_component>
      <object_component id="oc-541">
         <name>.text:GrFontHeightGet</name>
         <load_address>0xaa32</load_address>
         <run_address>0xaa32</run_address>
         <size>0x2c</size>
         <input_file_ref idref="fl-22"/>
      </object_component>
      <object_component id="oc-331">
         <name>.text:RectangularButtonMsgProc</name>
         <load_address>0xaa5e</load_address>
         <run_address>0xaa5e</run_address>
         <size>0x2c</size>
         <input_file_ref idref="fl-1e"/>
      </object_component>
      <object_component id="oc-4c0">
         <name>.text:SliderMsgProc</name>
         <load_address>0xaa8a</load_address>
         <run_address>0xaa8a</run_address>
         <size>0x2c</size>
         <input_file_ref idref="fl-21"/>
      </object_component>
      <object_component id="oc-43b">
         <name>.text:WidgetIsInTree</name>
         <load_address>0xaab6</load_address>
         <run_address>0xaab6</run_address>
         <size>0x2c</size>
         <input_file_ref idref="fl-23"/>
      </object_component>
      <object_component id="oc-6a6">
         <name>.text:ustrncpy</name>
         <load_address>0xaae2</load_address>
         <run_address>0xaae2</run_address>
         <size>0x2a</size>
         <input_file_ref idref="fl-7"/>
      </object_component>
      <object_component id="oc-288">
         <name>.text:GrFontInfoGet</name>
         <load_address>0xab0c</load_address>
         <run_address>0xab0c</run_address>
         <size>0x26</size>
         <input_file_ref idref="fl-22"/>
      </object_component>
      <object_component id="oc-282">
         <name>.text:GrFontGlyphDataGet</name>
         <load_address>0xab32</load_address>
         <run_address>0xab32</run_address>
         <size>0x22</size>
         <input_file_ref idref="fl-22"/>
      </object_component>
      <object_component id="oc-210">
         <name>.text:_SysCtlMemTimingGet</name>
         <load_address>0xab54</load_address>
         <run_address>0xab54</run_address>
         <size>0x20</size>
         <input_file_ref idref="fl-13"/>
      </object_component>
      <object_component id="oc-5c5">
         <name>.text:usprintf</name>
         <load_address>0xab74</load_address>
         <run_address>0xab74</run_address>
         <size>0x20</size>
         <input_file_ref idref="fl-7"/>
      </object_component>
      <object_component id="oc-3f3">
         <name>.text:GrFontCodepageGet</name>
         <load_address>0xab94</load_address>
         <run_address>0xab94</run_address>
         <size>0x1e</size>
         <input_file_ref idref="fl-22"/>
      </object_component>
      <object_component id="oc-16c">
         <name>.text:WidgetAdd</name>
         <load_address>0xabb2</load_address>
         <run_address>0xabb2</run_address>
         <size>0x1e</size>
         <input_file_ref idref="fl-23"/>
      </object_component>
      <object_component id="oc-186">
         <name>.text:WidgetPointerMessage</name>
         <load_address>0xabd0</load_address>
         <run_address>0xabd0</run_address>
         <size>0x1c</size>
         <input_file_ref idref="fl-23"/>
      </object_component>
      <object_component id="oc-2b3">
         <name>.text:GPIOPinTypeGPIOOutput</name>
         <load_address>0xabec</load_address>
         <run_address>0xabec</run_address>
         <size>0x1a</size>
         <input_file_ref idref="fl-10"/>
      </object_component>
      <object_component id="oc-3b8">
         <name>.text:GPIOPinTypeSSI</name>
         <load_address>0xac06</load_address>
         <run_address>0xac06</run_address>
         <size>0x16</size>
         <input_file_ref idref="fl-10"/>
      </object_component>
      <object_component id="oc-147">
         <name>.text:GrStringDraw</name>
         <load_address>0xac1c</load_address>
         <run_address>0xac1c</run_address>
         <size>0x16</size>
         <input_file_ref idref="fl-22"/>
      </object_component>
      <object_component id="oc-30f">
         <name>.text:Kentec320x240x16_SSD2119ColorTranslate</name>
         <load_address>0xac32</load_address>
         <run_address>0xac32</run_address>
         <size>0x16</size>
         <input_file_ref idref="fl-5"/>
      </object_component>
      <object_component id="oc-346">
         <name>.text:CanvasMsgProc</name>
         <load_address>0xac48</load_address>
         <run_address>0xac48</run_address>
         <size>0x14</size>
         <input_file_ref idref="fl-17"/>
      </object_component>
      <object_component id="oc-49f">
         <name>.text:ContainerMsgProc</name>
         <load_address>0xac5c</load_address>
         <run_address>0xac5c</run_address>
         <size>0x14</size>
         <input_file_ref idref="fl-1a"/>
      </object_component>
      <object_component id="oc-2d6">
         <name>.text:WidgetMutexGet</name>
         <load_address>0xac70</load_address>
         <run_address>0xac70</run_address>
         <size>0x14</size>
         <input_file_ref idref="fl-23"/>
      </object_component>
      <object_component id="oc-3ca">
         <name>.text:SSIDataGetNonBlocking</name>
         <load_address>0xac84</load_address>
         <run_address>0xac84</run_address>
         <size>0x12</size>
         <input_file_ref idref="fl-12"/>
      </object_component>
      <object_component id="oc-2bf">
         <name>.text:TimerLoadSet</name>
         <load_address>0xac96</load_address>
         <run_address>0xac96</run_address>
         <size>0x12</size>
         <input_file_ref idref="fl-14"/>
      </object_component>
      <object_component id="oc-2a7">
         <name>.text:ADCIntEnable</name>
         <load_address>0xaca8</load_address>
         <run_address>0xaca8</run_address>
         <size>0x10</size>
         <input_file_ref idref="fl-e"/>
      </object_component>
      <object_component id="oc-10b">
         <name>.text:FPUEnable</name>
         <load_address>0xacb8</load_address>
         <run_address>0xacb8</run_address>
         <size>0x10</size>
         <input_file_ref idref="fl-f"/>
      </object_component>
      <object_component id="oc-111">
         <name>.text:FPULazyStackingEnable</name>
         <load_address>0xacc8</load_address>
         <run_address>0xacc8</run_address>
         <size>0x10</size>
         <input_file_ref idref="fl-f"/>
      </object_component>
      <object_component id="oc-15a">
         <name>.text:uDMAEnable</name>
         <load_address>0xacd8</load_address>
         <run_address>0xacd8</run_address>
         <size>0x10</size>
         <input_file_ref idref="fl-15"/>
      </object_component>
      <object_component id="oc-2a1">
         <name>.text:ADCSequenceEnable</name>
         <load_address>0xace8</load_address>
         <run_address>0xace8</run_address>
         <size>0xe</size>
         <input_file_ref idref="fl-e"/>
      </object_component>
      <object_component id="oc-52f">
         <name>.text:GrImageDraw</name>
         <load_address>0xacf6</load_address>
         <run_address>0xacf6</run_address>
         <size>0xe</size>
         <input_file_ref idref="fl-1c"/>
      </object_component>
      <object_component id="oc-2cb">
         <name>.text:TimerEnable</name>
         <load_address>0xad04</load_address>
         <run_address>0xad04</run_address>
         <size>0xe</size>
         <input_file_ref idref="fl-14"/>
      </object_component>
      <object_component id="oc-1c">
         <name>.text:decompress:none:__TI_decompress_none</name>
         <load_address>0xad12</load_address>
         <run_address>0xad12</run_address>
         <size>0xe</size>
         <input_file_ref idref="fl-e2"/>
      </object_component>
      <object_component id="oc-166">
         <name>.text:TouchScreenCallbackSet</name>
         <load_address>0xad20</load_address>
         <run_address>0xad20</run_address>
         <size>0xc</size>
         <input_file_ref idref="fl-6"/>
      </object_component>
      <object_component id="oc-66">
         <name>.text:decompress:ZI:__TI_zero_init</name>
         <load_address>0xad2c</load_address>
         <run_address>0xad2c</run_address>
         <size>0xc</size>
         <input_file_ref idref="fl-e1"/>
      </object_component>
      <object_component id="oc-154">
         <name>.text:uDMAControlBaseSet</name>
         <load_address>0xad38</load_address>
         <run_address>0xad38</run_address>
         <size>0xc</size>
         <input_file_ref idref="fl-15"/>
      </object_component>
      <object_component id="oc-244">
         <name>.text:SSIDataPut</name>
         <load_address>0xad44</load_address>
         <run_address>0xad44</run_address>
         <size>0xa</size>
         <input_file_ref idref="fl-12"/>
      </object_component>
      <object_component id="oc-3c4">
         <name>.text:SSIEnable</name>
         <load_address>0xad4e</load_address>
         <run_address>0xad4e</run_address>
         <size>0xa</size>
         <input_file_ref idref="fl-12"/>
      </object_component>
      <object_component id="oc-3e1">
         <name>.text:GrMapISO8859_1_Unicode</name>
         <load_address>0xad58</load_address>
         <run_address>0xad58</run_address>
         <size>0x8</size>
         <input_file_ref idref="fl-2a"/>
      </object_component>
      <object_component id="oc-24a">
         <name>.text:SSIBusy</name>
         <load_address>0xad60</load_address>
         <run_address>0xad60</run_address>
         <size>0x8</size>
         <input_file_ref idref="fl-12"/>
      </object_component>
      <object_component id="oc-232">
         <name>.text:GPIOPinWrite</name>
         <load_address>0xad68</load_address>
         <run_address>0xad68</run_address>
         <size>0x6</size>
         <input_file_ref idref="fl-10"/>
      </object_component>
      <object_component id="oc-135">
         <name>.text:GrContextFontSet</name>
         <load_address>0xad6e</load_address>
         <run_address>0xad6e</run_address>
         <size>0x6</size>
         <input_file_ref idref="fl-22"/>
      </object_component>
      <object_component id="oc-28">
         <name>.text:ResetISR</name>
         <load_address>0xad74</load_address>
         <run_address>0xad74</run_address>
         <size>0x6</size>
         <input_file_ref idref="fl-4"/>
      </object_component>
      <object_component id="oc-153">
         <name>.text:SysCtlDelay</name>
         <load_address>0xad7a</load_address>
         <run_address>0xad7a</run_address>
         <size>0x6</size>
         <input_file_ref idref="fl-13"/>
      </object_component>
      <object_component id="oc-2d7">
         <name>.text:WidgetMutexPut</name>
         <load_address>0xad80</load_address>
         <run_address>0xad80</run_address>
         <size>0x6</size>
         <input_file_ref idref="fl-23"/>
      </object_component>
      <object_component id="oc-324">
         <name>.text:WidgetDefaultMsgProc</name>
         <load_address>0xad86</load_address>
         <run_address>0xad86</run_address>
         <size>0x4</size>
         <input_file_ref idref="fl-23"/>
      </object_component>
      <object_component id="oc-bf">
         <name>.text:_system_pre_init</name>
         <load_address>0xad8a</load_address>
         <run_address>0xad8a</run_address>
         <size>0x4</size>
         <input_file_ref idref="fl-e9"/>
      </object_component>
      <object_component id="oc-1a0">
         <name>.text:abort:abort</name>
         <load_address>0xad8e</load_address>
         <run_address>0xad8e</run_address>
         <size>0x4</size>
         <input_file_ref idref="fl-eb"/>
      </object_component>
      <object_component id="oc-60b">
         <name>.const:.string:g_pui8Cm24Data</name>
         <load_address>0x200</load_address>
         <run_address>0x200</run_address>
         <size>0xa60</size>
         <input_file_ref idref="fl-29"/>
      </object_component>
      <object_component id="oc-567">
         <name>.const:.string:g_pui8Cm22Data</name>
         <load_address>0xc60</load_address>
         <run_address>0xc60</run_address>
         <size>0x960</size>
         <input_file_ref idref="fl-28"/>
      </object_component>
      <object_component id="oc-31d">
         <name>.const:.string:g_pui8Cm20Data</name>
         <load_address>0x15c0</load_address>
         <run_address>0x15c0</run_address>
         <size>0x95e</size>
         <input_file_ref idref="fl-27"/>
      </object_component>
      <object_component id="oc-5ce">
         <name>.const:.string:g_pui8Cm18Data</name>
         <load_address>0x1f1e</load_address>
         <run_address>0x1f1e</run_address>
         <size>0x86e</size>
         <input_file_ref idref="fl-26"/>
      </object_component>
      <object_component id="oc-4d8">
         <name>.const:.string:g_pui8RedSlider195x37</name>
         <load_address>0x278c</load_address>
         <run_address>0x278c</run_address>
         <size>0x83d</size>
         <input_file_ref idref="fl-3"/>
      </object_component>
      <object_component id="oc-4d5">
         <name>.const:.string:g_pui8GreenSlider195x37</name>
         <load_address>0x2fc9</load_address>
         <run_address>0x2fc9</run_address>
         <size>0x826</size>
         <input_file_ref idref="fl-3"/>
      </object_component>
      <object_component id="oc-4cf">
         <name>.const:.string:g_pui8GettingHotter28x148</name>
         <load_address>0x37ef</load_address>
         <run_address>0x37ef</run_address>
         <size>0x705</size>
         <input_file_ref idref="fl-3"/>
      </object_component>
      <object_component id="oc-605">
         <name>.const:.string:g_pui8Cm14Data</name>
         <load_address>0x3ef4</load_address>
         <run_address>0x3ef4</run_address>
         <size>0x65a</size>
         <input_file_ref idref="fl-25"/>
      </object_component>
      <object_component id="oc-6bd">
         <name>.const:.string:g_pui8Cm12Data</name>
         <load_address>0x454e</load_address>
         <run_address>0x454e</run_address>
         <size>0x55f</size>
         <input_file_ref idref="fl-24"/>
      </object_component>
      <object_component id="oc-4d2">
         <name>.const:.string:g_pui8GettingHotter28x148Mono</name>
         <load_address>0x4aad</load_address>
         <run_address>0x4aad</run_address>
         <size>0x3ad</size>
         <input_file_ref idref="fl-3"/>
      </object_component>
      <object_component id="oc-494">
         <name>.const:.string:g_pui8Logo</name>
         <load_address>0x4e5a</load_address>
         <run_address>0x4e5a</run_address>
         <size>0x230</size>
         <input_file_ref idref="fl-3"/>
      </object_component>
      <object_component id="oc-338">
         <name>.const:.string:g_pui8Blue50x50</name>
         <load_address>0x508a</load_address>
         <run_address>0x508a</run_address>
         <size>0x210</size>
         <input_file_ref idref="fl-3"/>
      </object_component>
      <object_component id="oc-33b">
         <name>.const:.string:g_pui8Blue50x50Press</name>
         <load_address>0x529a</load_address>
         <run_address>0x529a</run_address>
         <size>0x20e</size>
         <input_file_ref idref="fl-3"/>
      </object_component>
      <object_component id="oc-21f">
         <name>.const:g_pppui32XTALtoVCO</name>
         <load_address>0x54a8</load_address>
         <run_address>0x54a8</run_address>
         <size>0x1b0</size>
         <input_file_ref idref="fl-13"/>
      </object_component>
      <object_component id="oc-337">
         <name>.const:.string</name>
         <load_address>0x5658</load_address>
         <run_address>0x5658</run_address>
         <size>0x17a</size>
         <input_file_ref idref="fl-2"/>
      </object_component>
      <object_component id="oc-57e">
         <name>.const:.string:g_pui8LightOff</name>
         <load_address>0x57d2</load_address>
         <run_address>0x57d2</run_address>
         <size>0xf5</size>
         <input_file_ref idref="fl-3"/>
      </object_component>
      <object_component id="oc-57b">
         <name>.const:.string:g_pui8LightOn</name>
         <load_address>0x58c7</load_address>
         <run_address>0x58c7</run_address>
         <size>0xe6</size>
         <input_file_ref idref="fl-3"/>
      </object_component>
      <object_component id="oc-690">
         <name>.const:g_sFontCm12</name>
         <load_address>0x59b0</load_address>
         <run_address>0x59b0</run_address>
         <size>0xc8</size>
         <input_file_ref idref="fl-24"/>
      </object_component>
      <object_component id="oc-55b">
         <name>.const:g_sFontCm14</name>
         <load_address>0x5a78</load_address>
         <run_address>0x5a78</run_address>
         <size>0xc8</size>
         <input_file_ref idref="fl-25"/>
      </object_component>
      <object_component id="oc-4cc">
         <name>.const:g_sFontCm18</name>
         <load_address>0x5b40</load_address>
         <run_address>0x5b40</run_address>
         <size>0xc8</size>
         <input_file_ref idref="fl-26"/>
      </object_component>
      <object_component id="oc-182">
         <name>.const:g_sFontCm20</name>
         <load_address>0x5c08</load_address>
         <run_address>0x5c08</run_address>
         <size>0xc8</size>
         <input_file_ref idref="fl-27"/>
      </object_component>
      <object_component id="oc-483">
         <name>.const:g_sFontCm22</name>
         <load_address>0x5cd0</load_address>
         <run_address>0x5cd0</run_address>
         <size>0xc8</size>
         <input_file_ref idref="fl-28"/>
      </object_component>
      <object_component id="oc-55e">
         <name>.const:g_sFontCm24</name>
         <load_address>0x5d98</load_address>
         <run_address>0x5d98</run_address>
         <size>0xc8</size>
         <input_file_ref idref="fl-29"/>
      </object_component>
      <object_component id="oc-503">
         <name>.const:g_pui32GPIOBaseAddrs</name>
         <load_address>0x5e60</load_address>
         <run_address>0x5e60</run_address>
         <size>0x90</size>
         <input_file_ref idref="fl-10"/>
      </object_component>
      <object_component id="oc-21c">
         <name>.const:g_pui32Xtals</name>
         <load_address>0x5ef0</load_address>
         <run_address>0x5ef0</run_address>
         <size>0x6c</size>
         <input_file_ref idref="fl-13"/>
      </object_component>
      <object_component id="oc-392">
         <name>.const:g_sXTALtoMEMTIM</name>
         <load_address>0x5f5c</load_address>
         <run_address>0x5f5c</run_address>
         <size>0x30</size>
         <input_file_ref idref="fl-13"/>
      </object_component>
      <object_component id="oc-17f">
         <name>.const:g_sKentec320x240x16_SSD2119</name>
         <load_address>0x5f8c</load_address>
         <run_address>0x5f8c</run_address>
         <size>0x28</size>
         <input_file_ref idref="fl-5"/>
      </object_component>
      <object_component id="oc-d7">
         <name>.const:g_pi32TouchParameters</name>
         <load_address>0x5fb4</load_address>
         <run_address>0x5fb4</run_address>
         <size>0x1c</size>
         <input_file_ref idref="fl-6"/>
      </object_component>
      <object_component id="oc-417">
         <name>.const:g_pui32EnRegs</name>
         <load_address>0x5fd0</load_address>
         <run_address>0x5fd0</run_address>
         <size>0x14</size>
         <input_file_ref idref="fl-11"/>
      </object_component>
      <object_component id="oc-258">
         <name>.const:g_psDefaultCodePointMapTable</name>
         <load_address>0x5fe4</load_address>
         <run_address>0x5fe4</run_address>
         <size>0x10</size>
         <input_file_ref idref="fl-1b"/>
      </object_component>
      <object_component id="oc-222">
         <name>.const:g_pui32VCOFrequencies</name>
         <load_address>0x5ff4</load_address>
         <run_address>0x5ff4</run_address>
         <size>0x8</size>
         <input_file_ref idref="fl-13"/>
      </object_component>
      <object_component id="oc-6ff">
         <name>.cinit..data.load</name>
         <load_address>0xad98</load_address>
         <run_address>0xad98</run_address>
         <size>0x4ce</size>
      </object_component>
      <object_component id="oc-6fd">
         <name>__TI_handler_table</name>
         <load_address>0xb268</load_address>
         <run_address>0xb268</run_address>
         <size>0xc</size>
      </object_component>
      <object_component id="oc-700">
         <name>.cinit..bss.load</name>
         <load_address>0xb278</load_address>
         <run_address>0xb278</run_address>
         <size>0x8</size>
      </object_component>
      <object_component id="oc-6fe">
         <name>__TI_cinit_table</name>
         <load_address>0xb280</load_address>
         <run_address>0xb280</run_address>
         <size>0x10</size>
      </object_component>
      <object_component id="oc-356">
         <name>.data:g_sIntroduction</name>
         <load_address>0x20000ed8</load_address>
         <run_address>0x20000ed8</run_address>
         <size>0x40</size>
         <input_file_ref idref="fl-2"/>
      </object_component>
      <object_component id="oc-359">
         <name>.data:g_sPrimitives</name>
         <load_address>0x20000f18</load_address>
         <run_address>0x20000f18</run_address>
         <size>0x40</size>
         <input_file_ref idref="fl-2"/>
      </object_component>
      <object_component id="oc-562">
         <name>.data:g_sCanvas3</name>
         <load_address>0x20000e98</load_address>
         <run_address>0x20000e98</run_address>
         <size>0x40</size>
         <input_file_ref idref="fl-2"/>
      </object_component>
      <object_component id="oc-480">
         <name>.data:g_sCanvas2</name>
         <load_address>0x20000e58</load_address>
         <run_address>0x20000e58</run_address>
         <size>0x40</size>
         <input_file_ref idref="fl-2"/>
      </object_component>
      <object_component id="oc-35c">
         <name>.data:g_sCanvas1</name>
         <load_address>0x20000e18</load_address>
         <run_address>0x20000e18</run_address>
         <size>0x40</size>
         <input_file_ref idref="fl-2"/>
      </object_component>
      <object_component id="oc-497">
         <name>.data:g_psCheckBoxIndicators</name>
         <load_address>0x20000a08</load_address>
         <run_address>0x20000a08</run_address>
         <size>0xc0</size>
         <input_file_ref idref="fl-2"/>
      </object_component>
      <object_component id="oc-35f">
         <name>.data:g_psCheckBoxes</name>
         <load_address>0x20000ac8</load_address>
         <run_address>0x20000ac8</run_address>
         <size>0xc0</size>
         <input_file_ref idref="fl-2"/>
      </object_component>
      <object_component id="oc-586">
         <name>.data:g_sContainer3</name>
         <load_address>0x20001048</load_address>
         <run_address>0x20001048</run_address>
         <size>0x38</size>
         <input_file_ref idref="fl-2"/>
      </object_component>
      <object_component id="oc-49c">
         <name>.data:g_sContainer2</name>
         <load_address>0x20001010</load_address>
         <run_address>0x20001010</run_address>
         <size>0x38</size>
         <input_file_ref idref="fl-2"/>
      </object_component>
      <object_component id="oc-362">
         <name>.data:g_sContainer1</name>
         <load_address>0x20000fd8</load_address>
         <run_address>0x20000fd8</run_address>
         <size>0x38</size>
         <input_file_ref idref="fl-2"/>
      </object_component>
      <object_component id="oc-4b3">
         <name>.data:g_psPushButtonIndicators</name>
         <load_address>0x20000000</load_address>
         <run_address>0x20000000</run_address>
         <size>0x280</size>
         <input_file_ref idref="fl-2"/>
      </object_component>
      <object_component id="oc-365">
         <name>.data:g_psPushButtons</name>
         <load_address>0x200006a8</load_address>
         <run_address>0x200006a8</run_address>
         <size>0x1e0</size>
         <input_file_ref idref="fl-2"/>
      </object_component>
      <object_component id="oc-5b0">
         <name>.data:g_psRadioButtonIndicators</name>
         <load_address>0x20000888</load_address>
         <run_address>0x20000888</run_address>
         <size>0x180</size>
         <input_file_ref idref="fl-2"/>
      </object_component>
      <object_component id="oc-4b8">
         <name>.data:g_psRadioButtons1</name>
         <load_address>0x20000b88</load_address>
         <run_address>0x20000b88</run_address>
         <size>0xc0</size>
         <input_file_ref idref="fl-2"/>
      </object_component>
      <object_component id="oc-4bb">
         <name>.data:g_psRadioButtons2</name>
         <load_address>0x20000c48</load_address>
         <run_address>0x20000c48</run_address>
         <size>0xc0</size>
         <input_file_ref idref="fl-2"/>
      </object_component>
      <object_component id="oc-368">
         <name>.data:g_psRadioContainers</name>
         <load_address>0x20000d08</load_address>
         <run_address>0x20000d08</run_address>
         <size>0x70</size>
         <input_file_ref idref="fl-2"/>
      </object_component>
      <object_component id="oc-4db">
         <name>.data:g_sSliderValueCanvas</name>
         <load_address>0x20000f58</load_address>
         <run_address>0x20000f58</run_address>
         <size>0x40</size>
         <input_file_ref idref="fl-2"/>
      </object_component>
      <object_component id="oc-36b">
         <name>.data:g_psSliders</name>
         <load_address>0x20000280</load_address>
         <run_address>0x20000280</run_address>
         <size>0x228</size>
         <input_file_ref idref="fl-2"/>
      </object_component>
      <object_component id="oc-199">
         <name>.data:g_psPanels</name>
         <load_address>0x200004a8</load_address>
         <run_address>0x200004a8</run_address>
         <size>0x200</size>
         <input_file_ref idref="fl-2"/>
      </object_component>
      <object_component id="oc-19c">
         <name>.data:g_pcPanei32Names</name>
         <load_address>0x20001080</load_address>
         <run_address>0x20001080</run_address>
         <size>0x24</size>
         <input_file_ref idref="fl-2"/>
      </object_component>
      <object_component id="oc-18f">
         <name>.data:g_sPrevious</name>
         <load_address>0x20000dc8</load_address>
         <run_address>0x20000dc8</run_address>
         <size>0x50</size>
         <input_file_ref idref="fl-2"/>
      </object_component>
      <object_component id="oc-192">
         <name>.data:g_sTitle</name>
         <load_address>0x20000f98</load_address>
         <run_address>0x20000f98</run_address>
         <size>0x40</size>
         <input_file_ref idref="fl-2"/>
      </object_component>
      <object_component id="oc-195">
         <name>.data:g_sNext</name>
         <load_address>0x20000d78</load_address>
         <run_address>0x20000d78</run_address>
         <size>0x50</size>
         <input_file_ref idref="fl-2"/>
      </object_component>
      <object_component id="oc-da">
         <name>.data</name>
         <load_address>0x200010d2</load_address>
         <run_address>0x200010d2</run_address>
         <size>0x4</size>
         <input_file_ref idref="fl-6"/>
      </object_component>
      <object_component id="oc-18c">
         <name>.data:g_sRoot</name>
         <load_address>0x200010a4</load_address>
         <run_address>0x200010a4</run_address>
         <size>0x20</size>
         <input_file_ref idref="fl-23"/>
      </object_component>
      <object_component id="oc-2dd">
         <name>.data</name>
         <load_address>0x200010c4</load_address>
         <run_address>0x200010c4</run_address>
         <size>0xd</size>
         <input_file_ref idref="fl-23"/>
      </object_component>
      <object_component id="oc-5cb">
         <name>.bss:pcCanvasText$1</name>
         <uninitialized>true</uninitialized>
         <run_address>0x20001970</run_address>
         <size>0x8</size>
         <input_file_ref idref="fl-2"/>
      </object_component>
      <object_component id="oc-5cc">
         <name>.bss:pcSliderText$2</name>
         <uninitialized>true</uninitialized>
         <run_address>0x20001978</run_address>
         <size>0x8</size>
         <input_file_ref idref="fl-2"/>
      </object_component>
      <object_component id="oc-90">
         <name>.bss</name>
         <uninitialized>true</uninitialized>
         <run_address>0x20001980</run_address>
         <size>0x8</size>
         <input_file_ref idref="fl-6"/>
      </object_component>
      <object_component id="oc-dd">
         <name>.bss:g_pi16Samples</name>
         <uninitialized>true</uninitialized>
         <run_address>0x20001960</run_address>
         <size>0x10</size>
         <input_file_ref idref="fl-6"/>
      </object_component>
      <object_component id="oc-25b">
         <name>.bss</name>
         <uninitialized>true</uninitialized>
         <run_address>0x20001988</run_address>
         <size>0x4</size>
         <input_file_ref idref="fl-1b"/>
      </object_component>
      <object_component id="oc-679">
         <name>.bss:g_pui8Dictionary</name>
         <uninitialized>true</uninitialized>
         <run_address>0x20001940</run_address>
         <size>0x20</size>
         <input_file_ref idref="fl-1c"/>
      </object_component>
      <object_component id="oc-2e0">
         <name>.bss:g_psMQ</name>
         <uninitialized>true</uninitialized>
         <run_address>0x20001800</run_address>
         <size>0x140</size>
         <input_file_ref idref="fl-23"/>
      </object_component>
      <object_component id="oc-17e">
         <name>.common:g_ui32SysClock</name>
         <uninitialized>true</uninitialized>
         <run_address>0x20001998</run_address>
         <size>0x4</size>
      </object_component>
      <object_component id="oc-185">
         <name>.common:psDMAControlTable</name>
         <uninitialized>true</uninitialized>
         <run_address>0x20001400</run_address>
         <size>0x400</size>
      </object_component>
      <object_component id="oc-593">
         <name>.common:g_ui32ButtonState</name>
         <uninitialized>true</uninitialized>
         <run_address>0x20001990</run_address>
         <size>0x4</size>
      </object_component>
      <object_component id="oc-198">
         <name>.common:g_ui32Panel</name>
         <uninitialized>true</uninitialized>
         <run_address>0x20001994</run_address>
         <size>0x4</size>
      </object_component>
      <object_component id="oc-2d1">
         <name>.common:g_pi32ParmSet</name>
         <uninitialized>true</uninitialized>
         <run_address>0x2000198c</run_address>
         <size>0x4</size>
      </object_component>
      <object_component id="oc-96">
         <name>.common:g_i16TouchX</name>
         <uninitialized>true</uninitialized>
         <run_address>0x2000199c</run_address>
         <size>0x2</size>
      </object_component>
      <object_component id="oc-93">
         <name>.common:g_i16TouchY</name>
         <uninitialized>true</uninitialized>
         <run_address>0x2000199e</run_address>
         <size>0x2</size>
      </object_component>
      <object_component id="oc-25">
         <name>.stack</name>
         <uninitialized>true</uninitialized>
         <run_address>0x200019a0</run_address>
         <size>0x4</size>
         <input_file_ref idref="fl-e4"/>
      </object_component>
      <object_component id="oc-702">
         <name>.stack</name>
         <uninitialized>true</uninitialized>
         <run_address>0x200019a0</run_address>
         <size>0x0</size>
      </object_component>
      <object_component id="oc-f9">
         <name>.debug_info</name>
         <load_address>0x0</load_address>
         <run_address>0x0</run_address>
         <size>0x11dc</size>
         <input_file_ref idref="fl-2"/>
      </object_component>
      <object_component id="oc-357">
         <name>.debug_info</name>
         <load_address>0x11dc</load_address>
         <run_address>0x11dc</run_address>
         <size>0x11c</size>
         <input_file_ref idref="fl-2"/>
      </object_component>
      <object_component id="oc-35a">
         <name>.debug_info</name>
         <load_address>0x12f8</load_address>
         <run_address>0x12f8</run_address>
         <size>0x118</size>
         <input_file_ref idref="fl-2"/>
      </object_component>
      <object_component id="oc-563">
         <name>.debug_info</name>
         <load_address>0x1410</load_address>
         <run_address>0x1410</run_address>
         <size>0x112</size>
         <input_file_ref idref="fl-2"/>
      </object_component>
      <object_component id="oc-481">
         <name>.debug_info</name>
         <load_address>0x1522</load_address>
         <run_address>0x1522</run_address>
         <size>0x112</size>
         <input_file_ref idref="fl-2"/>
      </object_component>
      <object_component id="oc-35d">
         <name>.debug_info</name>
         <load_address>0x1634</load_address>
         <run_address>0x1634</run_address>
         <size>0x112</size>
         <input_file_ref idref="fl-2"/>
      </object_component>
      <object_component id="oc-498">
         <name>.debug_info</name>
         <load_address>0x1746</load_address>
         <run_address>0x1746</run_address>
         <size>0x12a</size>
         <input_file_ref idref="fl-2"/>
      </object_component>
      <object_component id="oc-360">
         <name>.debug_info</name>
         <load_address>0x1870</load_address>
         <run_address>0x1870</run_address>
         <size>0x11a</size>
         <input_file_ref idref="fl-2"/>
      </object_component>
      <object_component id="oc-587">
         <name>.debug_info</name>
         <load_address>0x198a</load_address>
         <run_address>0x198a</run_address>
         <size>0x118</size>
         <input_file_ref idref="fl-2"/>
      </object_component>
      <object_component id="oc-49d">
         <name>.debug_info</name>
         <load_address>0x1aa2</load_address>
         <run_address>0x1aa2</run_address>
         <size>0x118</size>
         <input_file_ref idref="fl-2"/>
      </object_component>
      <object_component id="oc-363">
         <name>.debug_info</name>
         <load_address>0x1bba</load_address>
         <run_address>0x1bba</run_address>
         <size>0x118</size>
         <input_file_ref idref="fl-2"/>
      </object_component>
      <object_component id="oc-4b4">
         <name>.debug_info</name>
         <load_address>0x1cd2</load_address>
         <run_address>0x1cd2</run_address>
         <size>0x12f</size>
         <input_file_ref idref="fl-2"/>
      </object_component>
      <object_component id="oc-366">
         <name>.debug_info</name>
         <load_address>0x1e01</load_address>
         <run_address>0x1e01</run_address>
         <size>0x11d</size>
         <input_file_ref idref="fl-2"/>
      </object_component>
      <object_component id="oc-5b1">
         <name>.debug_info</name>
         <load_address>0x1f1e</load_address>
         <run_address>0x1f1e</run_address>
         <size>0x131</size>
         <input_file_ref idref="fl-2"/>
      </object_component>
      <object_component id="oc-4b9">
         <name>.debug_info</name>
         <load_address>0x204f</load_address>
         <run_address>0x204f</run_address>
         <size>0x121</size>
         <input_file_ref idref="fl-2"/>
      </object_component>
      <object_component id="oc-4bc">
         <name>.debug_info</name>
         <load_address>0x2170</load_address>
         <run_address>0x2170</run_address>
         <size>0x121</size>
         <input_file_ref idref="fl-2"/>
      </object_component>
      <object_component id="oc-369">
         <name>.debug_info</name>
         <load_address>0x2291</load_address>
         <run_address>0x2291</run_address>
         <size>0x125</size>
         <input_file_ref idref="fl-2"/>
      </object_component>
      <object_component id="oc-4dc">
         <name>.debug_info</name>
         <load_address>0x23b6</load_address>
         <run_address>0x23b6</run_address>
         <size>0x127</size>
         <input_file_ref idref="fl-2"/>
      </object_component>
      <object_component id="oc-36c">
         <name>.debug_info</name>
         <load_address>0x24dd</load_address>
         <run_address>0x24dd</run_address>
         <size>0x115</size>
         <input_file_ref idref="fl-2"/>
      </object_component>
      <object_component id="oc-19a">
         <name>.debug_info</name>
         <load_address>0x25f2</load_address>
         <run_address>0x25f2</run_address>
         <size>0x113</size>
         <input_file_ref idref="fl-2"/>
      </object_component>
      <object_component id="oc-19d">
         <name>.debug_info</name>
         <load_address>0x2705</load_address>
         <run_address>0x2705</run_address>
         <size>0x11f</size>
         <input_file_ref idref="fl-2"/>
      </object_component>
      <object_component id="oc-190">
         <name>.debug_info</name>
         <load_address>0x2824</load_address>
         <run_address>0x2824</run_address>
         <size>0x115</size>
         <input_file_ref idref="fl-2"/>
      </object_component>
      <object_component id="oc-193">
         <name>.debug_info</name>
         <load_address>0x2939</load_address>
         <run_address>0x2939</run_address>
         <size>0x10f</size>
         <input_file_ref idref="fl-2"/>
      </object_component>
      <object_component id="oc-196">
         <name>.debug_info</name>
         <load_address>0x2a48</load_address>
         <run_address>0x2a48</run_address>
         <size>0x10d</size>
         <input_file_ref idref="fl-2"/>
      </object_component>
      <object_component id="oc-34f">
         <name>.debug_info</name>
         <load_address>0x2b55</load_address>
         <run_address>0x2b55</run_address>
         <size>0x1ef</size>
         <input_file_ref idref="fl-2"/>
      </object_component>
      <object_component id="oc-33f">
         <name>.debug_info</name>
         <load_address>0x2d44</load_address>
         <run_address>0x2d44</run_address>
         <size>0x1f7</size>
         <input_file_ref idref="fl-2"/>
      </object_component>
      <object_component id="oc-4c7">
         <name>.debug_info</name>
         <load_address>0x2f3b</load_address>
         <run_address>0x2f3b</run_address>
         <size>0x277</size>
         <input_file_ref idref="fl-2"/>
      </object_component>
      <object_component id="oc-5ab">
         <name>.debug_info</name>
         <load_address>0x31b2</load_address>
         <run_address>0x31b2</run_address>
         <size>0x206</size>
         <input_file_ref idref="fl-2"/>
      </object_component>
      <object_component id="oc-4a8">
         <name>.debug_info</name>
         <load_address>0x33b8</load_address>
         <run_address>0x33b8</run_address>
         <size>0x1d0</size>
         <input_file_ref idref="fl-2"/>
      </object_component>
      <object_component id="oc-48f">
         <name>.debug_info</name>
         <load_address>0x3588</load_address>
         <run_address>0x3588</run_address>
         <size>0x206</size>
         <input_file_ref idref="fl-2"/>
      </object_component>
      <object_component id="oc-471">
         <name>.debug_info</name>
         <load_address>0x378e</load_address>
         <run_address>0x378e</run_address>
         <size>0x254</size>
         <input_file_ref idref="fl-2"/>
      </object_component>
      <object_component id="oc-479">
         <name>.debug_info</name>
         <load_address>0x39e2</load_address>
         <run_address>0x39e2</run_address>
         <size>0x33d</size>
         <input_file_ref idref="fl-2"/>
      </object_component>
      <object_component id="oc-612">
         <name>.debug_info</name>
         <load_address>0x3d1f</load_address>
         <run_address>0x3d1f</run_address>
         <size>0x228</size>
         <input_file_ref idref="fl-2"/>
      </object_component>
      <object_component id="oc-c6">
         <name>.debug_info</name>
         <load_address>0x3f47</load_address>
         <run_address>0x3f47</run_address>
         <size>0x378</size>
         <input_file_ref idref="fl-2"/>
      </object_component>
      <object_component id="oc-ea">
         <name>.debug_info</name>
         <load_address>0x42bf</load_address>
         <run_address>0x42bf</run_address>
         <size>0x6bd</size>
         <input_file_ref idref="fl-2"/>
      </object_component>
      <object_component id="oc-1e6">
         <name>.debug_info</name>
         <load_address>0x497c</load_address>
         <run_address>0x497c</run_address>
         <size>0x86</size>
         <input_file_ref idref="fl-2"/>
      </object_component>
      <object_component id="oc-1eb">
         <name>.debug_info</name>
         <load_address>0x4a02</load_address>
         <run_address>0x4a02</run_address>
         <size>0xea</size>
         <input_file_ref idref="fl-2"/>
      </object_component>
      <object_component id="oc-1f0">
         <name>.debug_info</name>
         <load_address>0x4aec</load_address>
         <run_address>0x4aec</run_address>
         <size>0xfe</size>
         <input_file_ref idref="fl-2"/>
      </object_component>
      <object_component id="oc-1f5">
         <name>.debug_info</name>
         <load_address>0x4bea</load_address>
         <run_address>0x4bea</run_address>
         <size>0xc2</size>
         <input_file_ref idref="fl-2"/>
      </object_component>
      <object_component id="oc-1fa">
         <name>.debug_info</name>
         <load_address>0x4cac</load_address>
         <run_address>0x4cac</run_address>
         <size>0x14e</size>
         <input_file_ref idref="fl-2"/>
      </object_component>
      <object_component id="oc-1ff">
         <name>.debug_info</name>
         <load_address>0x4dfa</load_address>
         <run_address>0x4dfa</run_address>
         <size>0xfe</size>
         <input_file_ref idref="fl-2"/>
      </object_component>
      <object_component id="oc-204">
         <name>.debug_info</name>
         <load_address>0x4ef8</load_address>
         <run_address>0x4ef8</run_address>
         <size>0x176</size>
         <input_file_ref idref="fl-2"/>
      </object_component>
      <object_component id="oc-9a">
         <name>.debug_info</name>
         <load_address>0x506e</load_address>
         <run_address>0x506e</run_address>
         <size>0x26b</size>
         <input_file_ref idref="fl-2"/>
      </object_component>
      <object_component id="oc-6b2">
         <name>.debug_info</name>
         <load_address>0x52d9</load_address>
         <run_address>0x52d9</run_address>
         <size>0x196</size>
         <input_file_ref idref="fl-2"/>
      </object_component>
      <object_component id="oc-ef">
         <name>.debug_info</name>
         <load_address>0x546f</load_address>
         <run_address>0x546f</run_address>
         <size>0xc6</size>
         <input_file_ref idref="fl-2"/>
      </object_component>
      <object_component id="oc-e5">
         <name>.debug_info</name>
         <load_address>0x5535</load_address>
         <run_address>0x5535</run_address>
         <size>0x8b</size>
         <input_file_ref idref="fl-2"/>
      </object_component>
      <object_component id="oc-f4">
         <name>.debug_info</name>
         <load_address>0x55c0</load_address>
         <run_address>0x55c0</run_address>
         <size>0x2a4</size>
         <input_file_ref idref="fl-2"/>
      </object_component>
      <object_component id="oc-9f">
         <name>.debug_info</name>
         <load_address>0x5864</load_address>
         <run_address>0x5864</run_address>
         <size>0xbb</size>
         <input_file_ref idref="fl-2"/>
      </object_component>
      <object_component id="oc-66a">
         <name>.debug_info</name>
         <load_address>0x591f</load_address>
         <run_address>0x591f</run_address>
         <size>0x2c</size>
         <input_file_ref idref="fl-2"/>
[...]
      </symbol>
      <symbol id="sm-24d">
         <name>g_pui8GreenSlider195x37</name>
         <value>0x2fc9</value>
         <object_component_ref idref="oc-4d5"/>
      </symbol>
      <symbol id="sm-24e">
         <name>g_pui8GettingHotter28x148</name>
         <value>0x37ef</value>
         <object_component_ref idref="oc-4cf"/>
      </symbol>
      <symbol id="sm-24f">
         <name>g_pui8LightOn</name>
         <value>0x58c7</value>
         <object_component_ref idref="oc-57b"/>
      </symbol>
      <symbol id="sm-250">
         <name>g_pui8Logo</name>
         <value>0x4e5a</value>
         <object_component_ref idref="oc-494"/>
      </symbol>
      <symbol id="sm-251">
         <name>g_pui8RedSlider195x37</name>
         <value>0x278c</value>
         <object_component_ref idref="oc-4d8"/>
      </symbol>
      <symbol id="sm-252">
         <name>g_pui8LightOff</name>
         <value>0x57d2</value>
         <object_component_ref idref="oc-57e"/>
      </symbol>
      <symbol id="sm-253">
         <name>g_pui8Blue50x50Press</name>
         <value>0x529a</value>
         <object_component_ref idref="oc-33b"/>
      </symbol>
      <symbol id="sm-254">
         <name>g_pui8GettingHotter28x148Mono</name>
         <value>0x4aad</value>
         <object_component_ref idref="oc-4d2"/>
      </symbol>
      <symbol id="sm-28a">
         <name>ResetISR</name>
         <value>0xad75</value>
         <object_component_ref idref="oc-28"/>
      </symbol>
      <symbol id="sm-28b">
         <name>g_pfnVectors</name>
         <value>0x0</value>
         <object_component_ref idref="oc-13"/>
      </symbol>
      <symbol id="sm-346">
         <name>Kentec320x240x16_SSD2119Init</name>
         <value>0x5ffd</value>
         <object_component_ref idref="oc-11d"/>
      </symbol>
      <symbol id="sm-347">
         <name>g_sKentec320x240x16_SSD2119</name>
         <value>0x5f8c</value>
         <object_component_ref idref="oc-17f"/>
      </symbol>
      <symbol id="sm-3c1">
         <name>g_pi32ParmSet</name>
         <value>0x2000198c</value>
      </symbol>
      <symbol id="sm-3c2">
         <name>g_i16TouchX</name>
         <value>0x2000199c</value>
      </symbol>
      <symbol id="sm-3c3">
         <name>g_i16TouchY</name>
         <value>0x2000199e</value>
      </symbol>
      <symbol id="sm-3c4">
         <name>TouchScreenInit</name>
         <value>0x8dd1</value>
         <object_component_ref idref="oc-160"/>
      </symbol>
      <symbol id="sm-3c5">
         <name>TouchScreenCallbackSet</name>
         <value>0xad21</value>
         <object_component_ref idref="oc-166"/>
      </symbol>
      <symbol id="sm-3c6">
         <name>g_pi32TouchParameters</name>
         <value>0x5fb4</value>
         <object_component_ref idref="oc-d7"/>
      </symbol>
      <symbol id="sm-3c7">
         <name>g_i16TouchMin</name>
         <value>0x200010d2</value>
         <object_component_ref idref="oc-da"/>
      </symbol>
      <symbol id="sm-3c8">
         <name>TouchScreenIntHandler</name>
         <value>0x8b7d</value>
         <object_component_ref idref="oc-40"/>
      </symbol>
      <symbol id="sm-410">
         <name>uvsnprintf</name>
         <value>0x70a5</value>
         <object_component_ref idref="oc-662"/>
      </symbol>
      <symbol id="sm-411">
         <name>ustrncpy</name>
         <value>0xaae3</value>
         <object_component_ref idref="oc-6a6"/>
      </symbol>
      <symbol id="sm-412">
         <name>usprintf</name>
         <value>0xab75</value>
         <object_component_ref idref="oc-5c5"/>
      </symbol>
      <symbol id="sm-44e">
         <name>ADCSequenceEnable</name>
         <value>0xace9</value>
         <object_component_ref idref="oc-2a1"/>
      </symbol>
      <symbol id="sm-44f">
         <name>ADCSequenceConfigure</name>
         <value>0xa4b1</value>
         <object_component_ref idref="oc-295"/>
      </symbol>
      <symbol id="sm-450">
         <name>ADCIntEnable</name>
         <value>0xaca9</value>
         <object_component_ref idref="oc-2a7"/>
      </symbol>
      <symbol id="sm-451">
         <name>ADCSequenceStepConfigure</name>
         <value>0x9d41</value>
         <object_component_ref idref="oc-29b"/>
      </symbol>
      <symbol id="sm-467">
         <name>FPULazyStackingEnable</name>
         <value>0xacc9</value>
         <object_component_ref idref="oc-111"/>
      </symbol>
      <symbol id="sm-468">
         <name>FPUEnable</name>
         <value>0xacb9</value>
         <object_component_ref idref="oc-10b"/>
      </symbol>
      <symbol id="sm-4b2">
         <name>GPIOPinConfigure</name>
         <value>0xa501</value>
         <object_component_ref idref="oc-3b2"/>
      </symbol>
      <symbol id="sm-4b3">
         <name>GPIOPinTypeGPIOOutput</name>
         <value>0xabed</value>
         <object_component_ref idref="oc-2b3"/>
      </symbol>
      <symbol id="sm-4b4">
         <name>GPIODirModeSet</name>
         <value>0xa9db</value>
         <object_component_ref idref="oc-422"/>
      </symbol>
      <symbol id="sm-4b5">
         <name>GPIOPinWrite</name>
         <value>0xad69</value>
         <object_component_ref idref="oc-232"/>
      </symbol>
      <symbol id="sm-4b6">
         <name>GPIOPadConfigSet</name>
         <value>0x84c9</value>
         <object_component_ref idref="oc-41c"/>
      </symbol>
      <symbol id="sm-4b7">
         <name>GPIOPinTypeSSI</name>
         <value>0xac07</value>
         <object_component_ref idref="oc-3b8"/>
      </symbol>
      <symbol id="sm-4d6">
         <name>IntEnable</name>
         <value>0x9fe1</value>
         <object_component_ref idref="oc-2ad"/>
      </symbol>
      <symbol id="sm-506">
         <name>SSIDataPut</name>
         <value>0xad45</value>
         <object_component_ref idref="oc-244"/>
      </symbol>
      <symbol id="sm-507">
         <name>SSIDataGetNonBlocking</name>
         <value>0xac85</value>
         <object_component_ref idref="oc-3ca"/>
      </symbol>
      <symbol id="sm-508">
         <name>SSIConfigSetExpClk</name>
         <value>0xa811</value>
         <object_component_ref idref="oc-3be"/>
      </symbol>
      <symbol id="sm-509">
         <name>SSIEnable</name>
         <value>0xad4f</value>
         <object_component_ref idref="oc-3c4"/>
      </symbol>
      <symbol id="sm-50a">
         <name>SSIBusy</name>
         <value>0xad61</value>
         <object_component_ref idref="oc-24a"/>
      </symbol>
      <symbol id="sm-57a">
         <name>SysCtlDelay</name>
         <value>0xad7b</value>
         <object_component_ref idref="oc-153"/>
      </symbol>
      <symbol id="sm-57b">
         <name>SysCtlPeripheralEnable</name>
         <value>0xa8bd</value>
         <object_component_ref idref="oc-14d"/>
      </symbol>
      <symbol id="sm-57c">
         <name>SysCtlClockFreqSet</name>
         <value>0x7b15</value>
         <object_component_ref idref="oc-117"/>
      </symbol>
      <symbol id="sm-5af">
         <name>TimerLoadSet</name>
         <value>0xac97</value>
         <object_component_ref idref="oc-2bf"/>
      </symbol>
      <symbol id="sm-5b0">
         <name>TimerEnable</name>
         <value>0xad05</value>
         <object_component_ref idref="oc-2cb"/>
      </symbol>
      <symbol id="sm-5b1">
         <name>TimerControlTrigger</name>
         <value>0xa301</value>
         <object_component_ref idref="oc-2c5"/>
      </symbol>
      <symbol id="sm-5b2">
         <name>TimerConfigure</name>
         <value>0xa1e1</value>
         <object_component_ref idref="oc-2b9"/>
      </symbol>
      <symbol id="sm-5d0">
         <name>uDMAEnable</name>
         <value>0xacd9</value>
         <object_component_ref idref="oc-15a"/>
      </symbol>
      <symbol id="sm-5d1">
         <name>uDMAControlBaseSet</name>
         <value>0xad39</value>
         <object_component_ref idref="oc-154"/>
      </symbol>
      <symbol id="sm-602">
         <name>CanvasMsgProc</name>
         <value>0xac49</value>
         <object_component_ref idref="oc-346"/>
      </symbol>
      <symbol id="sm-635">
         <name>CheckBoxMsgProc</name>
         <value>0xa925</value>
         <object_component_ref idref="oc-488"/>
      </symbol>
      <symbol id="sm-65e">
         <name>GrCircleFill</name>
         <value>0x8a37</value>
         <object_component_ref idref="oc-54f"/>
      </symbol>
      <symbol id="sm-65f">
         <name>GrCircleDraw</name>
         <value>0x7503</value>
         <object_component_ref idref="oc-555"/>
      </symbol>
      <symbol id="sm-67f">
         <name>ContainerMsgProc</name>
         <value>0xac5d</value>
         <object_component_ref idref="oc-49f"/>
      </symbol>
      <symbol id="sm-6ae">
         <name>GrContextInit</name>
         <value>0x9f11</value>
         <object_component_ref idref="oc-123"/>
      </symbol>
      <symbol id="sm-6af">
         <name>GrContextClipRegionSet</name>
         <value>0xa0b1</value>
         <object_component_ref idref="oc-529"/>
      </symbol>
      <symbol id="sm-6b0">
         <name>g_psDefaultCodePointMapTable</name>
         <value>0x5fe4</value>
         <object_component_ref idref="oc-258"/>
      </symbol>
      <symbol id="sm-70b">
         <name>GrImageDraw</name>
         <value>0xacf7</value>
         <object_component_ref idref="oc-52f"/>
      </symbol>
      <symbol id="sm-74f">
         <name>GrLineDrawH</name>
         <value>0xa6c5</value>
         <object_component_ref idref="oc-267"/>
      </symbol>
      <symbol id="sm-750">
         <name>GrLineDrawV</name>
         <value>0xa70b</value>
         <object_component_ref idref="oc-26d"/>
      </symbol>
      <symbol id="sm-751">
         <name>GrLineDraw</name>
         <value>0x8ee5</value>
         <object_component_ref idref="oc-549"/>
      </symbol>
      <symbol id="sm-7b7">
         <name>RectangularButtonMsgProc</name>
         <value>0xaa5f</value>
         <object_component_ref idref="oc-331"/>
      </symbol>
      <symbol id="sm-7b8">
         <name>CircularButtonMsgProc</name>
         <value>0xa9af</value>
         <object_component_ref idref="oc-4ad"/>
      </symbol>
      <symbol id="sm-7f0">
         <name>RadioButtonMsgProc</name>
         <value>0xa981</value>
         <object_component_ref idref="oc-5a4"/>
      </symbol>
      <symbol id="sm-81b">
         <name>GrRectIntersectGet</name>
         <value>0x9e35</value>
         <object_component_ref idref="oc-647"/>
      </symbol>
      <symbol id="sm-81c">
         <name>GrRectFill</name>
         <value>0x9c3d</value>
         <object_component_ref idref="oc-129"/>
      </symbol>
      <symbol id="sm-81d">
         <name>GrRectOverlapCheck</name>
         <value>0xa84d</value>
         <object_component_ref idref="oc-69d"/>
      </symbol>
      <symbol id="sm-81e">
         <name>GrRectDraw</name>
         <value>0xa117</value>
         <object_component_ref idref="oc-12f"/>
      </symbol>
      <symbol id="sm-871">
         <name>SliderMsgProc</name>
         <value>0xaa8b</value>
         <object_component_ref idref="oc-4c0"/>
      </symbol>
      <symbol id="sm-91e">
         <name>GrFontInfoGet</name>
         <value>0xab0d</value>
         <object_component_ref idref="oc-288"/>
      </symbol>
      <symbol id="sm-91f">
         <name>GrDefaultStringRenderer</name>
         <value>0x944d</value>
         <object_component_ref idref="oc-252"/>
      </symbol>
      <symbol id="sm-920">
         <name>GrFontGlyphRender</name>
         <value>0x6e51</value>
         <object_component_ref idref="oc-3da"/>
      </symbol>
      <symbol id="sm-921">
         <name>GrFontHeightGet</name>
         <value>0xaa33</value>
         <object_component_ref idref="oc-541"/>
      </symbol>
      <symbol id="sm-922">
         <name>GrContextFontSet</name>
         <value>0xad6f</value>
         <object_component_ref idref="oc-135"/>
      </symbol>
      <symbol id="sm-923">
         <name>GrFontGlyphDataGet</name>
         <value>0xab33</value>
         <object_component_ref idref="oc-282"/>
      </symbol>
      <symbol id="sm-924">
         <name>GrStringDraw</name>
         <value>0xac1d</value>
         <object_component_ref idref="oc-147"/>
      </symbol>
      <symbol id="sm-925">
         <name>GrFontCodepageGet</name>
         <value>0xab95</value>
         <object_component_ref idref="oc-3f3"/>
      </symbol>
      <symbol id="sm-926">
         <name>GrStringNextCharGet</name>
         <value>0xa953</value>
         <object_component_ref idref="oc-27c"/>
      </symbol>
      <symbol id="sm-927">
         <name>GrStringWidthGet</name>
         <value>0x9f79</value>
         <object_component_ref idref="oc-13b"/>
      </symbol>
      <symbol id="sm-928">
         <name>GrFontBaselineGet</name>
         <value>0xaa07</value>
         <object_component_ref idref="oc-141"/>
      </symbol>
      <symbol id="sm-9d5">
         <name>g_sRoot</name>
         <value>0x200010a4</value>
         <object_component_ref idref="oc-18c"/>
      </symbol>
      <symbol id="sm-9d6">
         <name>WidgetMessageQueueAdd</name>
         <value>0x90dd</value>
         <object_component_ref idref="oc-172"/>
      </symbol>
      <symbol id="sm-9d7">
         <name>WidgetMessageSendPostOrder</name>
         <value>0x97f5</value>
         <object_component_ref idref="oc-2ea"/>
      </symbol>
      <symbol id="sm-9d8">
         <name>WidgetAdd</name>
         <value>0xabb3</value>
         <object_component_ref idref="oc-16c"/>
      </symbol>
      <symbol id="sm-9d9">
         <name>WidgetRemove</name>
         <value>0xa54d</value>
         <object_component_ref idref="oc-461"/>
      </symbol>
      <symbol id="sm-9da">
         <name>WidgetDefaultMsgProc</name>
         <value>0xad87</value>
         <object_component_ref idref="oc-324"/>
      </symbol>
      <symbol id="sm-9db">
         <name>WidgetMutexPut</name>
         <value>0xad81</value>
         <object_component_ref idref="oc-2d7"/>
      </symbol>
      <symbol id="sm-9dc">
         <name>WidgetMessageQueueProcess</name>
         <value>0xa241</value>
         <object_component_ref idref="oc-178"/>
      </symbol>
      <symbol id="sm-9dd">
         <name>WidgetMutexGet</name>
         <value>0xac71</value>
         <object_component_ref idref="oc-2d6"/>
      </symbol>
      <symbol id="sm-9de">
         <name>WidgetPointerMessage</name>
         <value>0xabd1</value>
         <object_component_ref idref="oc-186"/>
      </symbol>
      <symbol id="sm-9df">
         <name>WidgetMessageSendPreOrder</name>
         <value>0xa2a1</value>
         <object_component_ref idref="oc-2e4"/>
      </symbol>
      <symbol id="sm-9f1">
         <name>g_sFontCm12</name>
         <value>0x59b0</value>
         <object_component_ref idref="oc-690"/>
      </symbol>
      <symbol id="sm-a03">
         <name>g_sFontCm14</name>
         <value>0x5a78</value>
         <object_component_ref idref="oc-55b"/>
      </symbol>
      <symbol id="sm-a15">
         <name>g_sFontCm18</name>
         <value>0x5b40</value>
         <object_component_ref idref="oc-4cc"/>
      </symbol>
      <symbol id="sm-a27">
         <name>g_sFontCm20</name>
         <value>0x5c08</value>
         <object_component_ref idref="oc-182"/>
      </symbol>
      <symbol id="sm-a39">
         <name>g_sFontCm22</name>
         <value>0x5cd0</value>
         <object_component_ref idref="oc-483"/>
      </symbol>
      <symbol id="sm-a4b">
         <name>g_sFontCm24</name>
         <value>0x5d98</value>
         <object_component_ref idref="oc-55e"/>
      </symbol>
      <symbol id="sm-a58">
         <name>GrMapISO8859_1_Unicode</name>
         <value>0xad59</value>
         <object_component_ref idref="oc-3e1"/>
      </symbol>
      <symbol id="sm-a67">
         <name>__aeabi_uidivmod</name>
         <value>0xa795</value>
         <object_component_ref idref="oc-6ac"/>
      </symbol>
      <symbol id="sm-a68">
         <name>__aeabi_uidiv</name>
         <value>0xa795</value>
         <object_component_ref idref="oc-6ac"/>
      </symbol>
      <symbol id="sm-a7f">
         <name>__TI_zero_init</name>
         <value>0xad2d</value>
         <object_component_ref idref="oc-66"/>
      </symbol>
      <symbol id="sm-a96">
         <name>__TI_decompress_none</name>
         <value>0xad13</value>
         <object_component_ref idref="oc-1c"/>
      </symbol>
      <symbol id="sm-ab9">
         <name>__TI_decompress_lzss</name>
         <value>0xa049</value>
         <object_component_ref idref="oc-16"/>
      </symbol>
      <symbol id="sm-acc">
         <name>__stack</name>
         <value>0x200019a0</value>
         <object_component_ref idref="oc-25"/>
      </symbol>
      <symbol id="sm-acd">
         <name>_c_int00_noargs</name>
         <value>0xa8f1</value>
         <object_component_ref idref="oc-72"/>
      </symbol>
      <symbol id="sm-ad7">
         <name>__aeabi_idiv0</name>
         <value>0x929f</value>
         <object_component_ref idref="oc-6c5"/>
      </symbol>
      <symbol id="sm-ad8">
         <name>__aeabi_ldiv0</name>
         <value>0x929f</value>
         <object_component_ref idref="oc-6c5"/>
      </symbol>
      <symbol id="sm-af3">
         <name>memcpy</name>
         <value>0x99fd</value>
         <object_component_ref idref="oc-54"/>
      </symbol>
      <symbol id="sm-af4">
         <name>__aeabi_memcpy</name>
         <value>0x99fd</value>
         <object_component_ref idref="oc-54"/>
      </symbol>
      <symbol id="sm-af5">
         <name>__aeabi_memcpy8</name>
         <value>0x99fd</value>
         <object_component_ref idref="oc-54"/>
      </symbol>
      <symbol id="sm-af6">
         <name>__aeabi_memcpy4</name>
         <value>0x99fd</value>
         <object_component_ref idref="oc-54"/>
      </symbol>
      <symbol id="sm-b05">
         <name>__aeabi_memset</name>
         <value>0x9dbd</value>
         <object_component_ref idref="oc-b9"/>
      </symbol>
      <symbol id="sm-b06">
         <name>memset</name>
         <value>0x9dc3</value>
         <object_component_ref idref="oc-b9"/>
      </symbol>
      <symbol id="sm-b07">
         <name>__aeabi_memset8</name>
         <value>0x9dbd</value>
         <object_component_ref idref="oc-b9"/>
      </symbol>
      <symbol id="sm-b08">
         <name>__aeabi_memset4</name>
         <value>0x9dbd</value>
         <object_component_ref idref="oc-b9"/>
      </symbol>
      <symbol id="sm-b09">
         <name>__aeabi_memclr8</name>
         <value>0x9dbb</value>
         <object_component_ref idref="oc-b9"/>
      </symbol>
      <symbol id="sm-b0a">
         <name>__aeabi_memclr4</name>
         <value>0x9dbb</value>
         <object_component_ref idref="oc-b9"/>
      </symbol>
      <symbol id="sm-b0b">
         <name>__aeabi_memclr</name>
         <value>0x9dbb</value>
         <object_component_ref idref="oc-b9"/>
      </symbol>
      <symbol id="sm-b33">
         <name>__TI_auto_init_nobinit_nopinit</name>
         <value>0xa751</value>
         <object_component_ref idref="oc-1ac"/>
      </symbol>
      <symbol id="sm-b3d">
         <name>_system_pre_init</name>
         <value>0xad8b</value>
         <object_component_ref idref="oc-bf"/>
      </symbol>
      <symbol id="sm-b49">
         <name>C$$EXIT</name>
         <value>0xad8f</value>
         <object_component_ref idref="oc-1a0"/>
      </symbol>
      <symbol id="sm-b4a">
         <name>abort</name>
         <value>0xad8f</value>
         <object_component_ref idref="oc-1a0"/>
      </symbol>
      <symbol id="sm-b4d">
         <name>__TI_static_base__</name>
         <value>0x0</value>
      </symbol>
      <symbol id="sm-b50">
         <name>__mpu_init</name>
         <value>0x0</value>
      </symbol>
      <symbol id="sm-b51">
         <name>_system_post_cinit</name>
         <value>0x0</value>
      </symbol>
   </symbol_table>
   <title>Link successful</title>
</link_info>
